Archive member included to satisfy reference by file (symbol)

/opt/st/stm32cubeide_1.5.0/plugins/com.st.stm32cube.ide.mcu.externaltools.gnu-tools-for-stm32.9-2020-q2-update.linux64_1.5.0.202011040924/tools/bin/../lib/gcc/arm-none-eabi/9.3.1/../../../../arm-none-eabi/lib/thumb/v7e-m+fp/hard/libc_nano.a(lib_a-errno.o)
                              Src/syscalls.o (__errno)
/opt/st/stm32cubeide_1.5.0/plugins/com.st.stm32cube.ide.mcu.externaltools.gnu-tools-for-stm32.9-2020-q2-update.linux64_1.5.0.202011040924/tools/bin/../lib/gcc/arm-none-eabi/9.3.1/../../../../arm-none-eabi/lib/thumb/v7e-m+fp/hard/libc_nano.a(lib_a-exit.o)
                              /opt/st/stm32cubeide_1.5.0/plugins/com.st.stm32cube.ide.mcu.externaltools.gnu-tools-for-stm32.9-2020-q2-update.linux64_1.5.0.202011040924/tools/bin/../lib/gcc/arm-none-eabi/9.3.1/../../../../arm-none-eabi/lib/thumb/v7e-m+fp/hard/crt0.o (exit)
/opt/st/stm32cubeide_1.5.0/plugins/com.st.stm32cube.ide.mcu.externaltools.gnu-tools-for-stm32.9-2020-q2-update.linux64_1.5.0.202011040924/tools/bin/../lib/gcc/arm-none-eabi/9.3.1/../../../../arm-none-eabi/lib/thumb/v7e-m+fp/hard/libc_nano.a(lib_a-impure.o)
                              /opt/st/stm32cubeide_1.5.0/plugins/com.st.stm32cube.ide.mcu.externaltools.gnu-tools-for-stm32.9-2020-q2-update.linux64_1.5.0.202011040924/tools/bin/../lib/gcc/arm-none-eabi/9.3.1/../../../../arm-none-eabi/lib/thumb/v7e-m+fp/hard/libc_nano.a(lib_a-exit.o) (_global_impure_ptr)
/opt/st/stm32cubeide_1.5.0/plugins/com.st.stm32cube.ide.mcu.externaltools.gnu-tools-for-stm32.9-2020-q2-update.linux64_1.5.0.202011040924/tools/bin/../lib/gcc/arm-none-eabi/9.3.1/../../../../arm-none-eabi/lib/thumb/v7e-m+fp/hard/libc_nano.a(lib_a-init.o)
                              /opt/st/stm32cubeide_1.5.0/plugins/com.st.stm32cube.ide.mcu.externaltools.gnu-tools-for-stm32.9-2020-q2-update.linux64_1.5.0.202011040924/tools/bin/../lib/gcc/arm-none-eabi/9.3.1/../../../../arm-none-eabi/lib/thumb/v7e-m+fp/hard/crt0.o (__libc_init_array)
/opt/st/stm32cubeide_1.5.0/plugins/com.st.stm32cube.ide.mcu.externaltools.gnu-tools-for-stm32.9-2020-q2-update.linux64_1.5.0.202011040924/tools/bin/../lib/gcc/arm-none-eabi/9.3.1/../../../../arm-none-eabi/lib/thumb/v7e-m+fp/hard/libc_nano.a(lib_a-memset.o)
                              /opt/st/stm32cubeide_1.5.0/plugins/com.st.stm32cube.ide.mcu.externaltools.gnu-tools-for-stm32.9-2020-q2-update.linux64_1.5.0.202011040924/tools/bin/../lib/gcc/arm-none-eabi/9.3.1/../../../../arm-none-eabi/lib/thumb/v7e-m+fp/hard/crt0.o (memset)
/opt/st/stm32cubeide_1.5.0/plugins/com.st.stm32cube.ide.mcu.externaltools.gnu-tools-for-stm32.9-2020-q2-update.linux64_1.5.0.202011040924/tools/bin/../lib/gcc/arm-none-eabi/9.3.1/../../../../arm-none-eabi/lib/thumb/v7e-m+fp/hard/libc_nano.a(lib_a-printf.o)
                              Src/main.o (printf)
/opt/st/stm32cubeide_1.5.0/plugins/com.st.stm32cube.ide.mcu.externaltools.gnu-tools-for-stm32.9-2020-q2-update.linux64_1.5.0.202011040924/tools/bin/../lib/gcc/arm-none-eabi/9.3.1/../../../../arm-none-eabi/lib/thumb/v7e-m+fp/hard/libc_nano.a(lib_a-puts.o)
                              Src/main.o (puts)
/opt/st/stm32cubeide_1.5.0/plugins/com.st.stm32cube.ide.mcu.externaltools.gnu-tools-for-stm32.9-2020-q2-update.linux64_1.5.0.202011040924/tools/bin/../lib/gcc/arm-none-eabi/9.3.1/../../../../arm-none-eabi/lib/thumb/v7e-m+fp/hard/libc_nano.a(lib_a-sprintf.o)
                              Src/main.o (sprintf)
/opt/st/stm32cubeide_1.5.0/plugins/com.st.stm32cube.ide.mcu.externaltools.gnu-tools-for-stm32.9-2020-q2-update.linux64_1.5.0.202011040924/tools/bin/../lib/gcc/arm-none-eabi/9.3.1/../../../../arm-none-eabi/lib/thumb/v7e-m+fp/hard/libc_nano.a(lib_a-strlen.o)
                              Drivers/ssd1306/fonts.o (strlen)
/opt/st/stm32cubeide_1.5.0/plugins/com.st.stm32cube.ide.mcu.externaltools.gnu-tools-for-stm32.9-2020-q2-update.linux64_1.5.0.202011040924/tools/bin/../lib/gcc/arm-none-eabi/9.3.1/../../../../arm-none-eabi/lib/thumb/v7e-m+fp/hard/libc_nano.a(lib_a-wbuf.o)
                              /opt/st/stm32cubeide_1.5.0/plugins/com.st.stm32cube.ide.mcu.externaltools.gnu-tools-for-stm32.9-2020-q2-update.linux64_1.5.0.202011040924/tools/bin/../lib/gcc/arm-none-eabi/9.3.1/../../../../arm-none-eabi/lib/thumb/v7e-m+fp/hard/libc_nano.a(lib_a-puts.o) (__swbuf_r)
/opt/st/stm32cubeide_1.5.0/plugins/com.st.stm32cube.ide.mcu.externaltools.gnu-tools-for-stm32.9-2020-q2-update.linux64_1.5.0.202011040924/tools/bin/../lib/gcc/arm-none-eabi/9.3.1/../../../../arm-none-eabi/lib/thumb/v7e-m+fp/hard/libc_nano.a(lib_a-wsetup.o)
                              /opt/st/stm32cubeide_1.5.0/plugins/com.st.stm32cube.ide.mcu.externaltools.gnu-tools-for-stm32.9-2020-q2-update.linux64_1.5.0.202011040924/tools/bin/../lib/gcc/arm-none-eabi/9.3.1/../../../../arm-none-eabi/lib/thumb/v7e-m+fp/hard/libc_nano.a(lib_a-puts.o) (__swsetup_r)
[...]
Memory Configuration

Name             Origin             Length             Attributes
RAM              0x0000000020000000 0x0000000000018000 xrw
RAM2             0x0000000010000000 0x0000000000008000 xrw
FLASH            0x0000000008000000 0x0000000000100000 xr
*default*        0x0000000000000000 0xffffffffffffffff

Linker script and memory map

LOAD /opt/st/stm32cubeide_1.5.0/plugins/com.st.stm32cube.ide.mcu.externaltools.gnu-tools-for-stm32.9-2020-q2-update.linux64_1.5.0.202011040924/tools/bin/../lib/gcc/arm-none-eabi/9.3.1/thumb/v7e-m+fp/hard/crti.o
LOAD /opt/st/stm32cubeide_1.5.0/plugins/com.st.stm32cube.ide.mcu.externaltools.gnu-tools-for-stm32.9-2020-q2-update.linux64_1.5.0.202011040924/tools/bin/../lib/gcc/arm-none-eabi/9.3.1/thumb/v7e-m+fp/hard/crtbegin.o
LOAD /opt/st/stm32cubeide_1.5.0/plugins/com.st.stm32cube.ide.mcu.externaltools.gnu-tools-for-stm32.9-2020-q2-update.linux64_1.5.0.202011040924/tools/bin/../lib/gcc/arm-none-eabi/9.3.1/../../../../arm-none-eabi/lib/thumb/v7e-m+fp/hard/crt0.o
LOAD Drivers/STM32L4xx_HAL_Driver/Src/stm32l4xx_hal.o
LOAD Drivers/STM32L4xx_HAL_Driver/Src/stm32l4xx_hal_cortex.o
LOAD Drivers/STM32L4xx_HAL_Driver/Src/stm32l4xx_hal_dma.o
LOAD Drivers/STM32L4xx_HAL_Driver/Src/stm32l4xx_hal_dma_ex.o
LOAD Drivers/STM32L4xx_HAL_Driver/Src/stm32l4xx_hal_exti.o
LOAD Drivers/STM32L4xx_HAL_Driver/Src/stm32l4xx_hal_flash.o
LOAD Drivers/STM32L4xx_HAL_Driver/Src/stm32l4xx_hal_flash_ex.o
LOAD Drivers/STM32L4xx_HAL_Driver/Src/stm32l4xx_hal_flash_ramfunc.o
LOAD Drivers/STM32L4xx_HAL_Driver/Src/stm32l4xx_hal_gpio.o
LOAD Drivers/STM32L4xx_HAL_Driver/Src/stm32l4xx_hal_i2c.o
LOAD Drivers/STM32L4xx_HAL_Driver/Src/stm32l4xx_hal_i2c_ex.o
LOAD Drivers/STM32L4xx_HAL_Driver/Src/stm32l4xx_hal_pwr.o
LOAD Drivers/STM32L4xx_HAL_Driver/Src/stm32l4xx_hal_pwr_ex.o
LOAD Drivers/STM32L4xx_HAL_Driver/Src/stm32l4xx_hal_rcc.o
LOAD Drivers/STM32L4xx_HAL_Driver/Src/stm32l4xx_hal_rcc_ex.o
LOAD Drivers/STM32L4xx_HAL_Driver/Src/stm32l4xx_hal_spi.o
LOAD Drivers/STM32L4xx_HAL_Driver/Src/stm32l4xx_hal_spi_ex.o
LOAD Drivers/STM32L4xx_HAL_Driver/Src/stm32l4xx_hal_tim.o
LOAD Drivers/STM32L4xx_HAL_Driver/Src/stm32l4xx_hal_tim_ex.o
LOAD Drivers/STM32L4xx_HAL_Driver/Src/stm32l4xx_hal_uart.o
LOAD Drivers/STM32L4xx_HAL_Driver/Src/stm32l4xx_hal_uart_ex.o
LOAD Drivers/nrf24/nRF24L01P.o
LOAD Drivers/ssd1306/fonts.o
LOAD Drivers/ssd1306/ssd1306.o
LOAD Src/gpio.o
LOAD Src/i2c.o
LOAD Src/main.o
LOAD Src/spi.o
LOAD Src/stm32l4xx_hal_msp.o
LOAD Src/stm32l4xx_it.o
LOAD Src/syscalls.o
LOAD Src/sysmem.o
LOAD Src/system_stm32l4xx.o
LOAD Src/usart.o
LOAD Startup/startup_stm32l476rgtx.o
START GROUP
LOAD /opt/st/stm32cubeide_1.5.0/plugins/com.st.stm32cube.ide.mcu.externaltools.gnu-tools-for-stm32.9-2020-q2-update.linux64_1.5.0.202011040924/tools/bin/../lib/gcc/arm-none-eabi/9.3.1/../../../../arm-none-eabi/lib/thumb/v7e-m+fp/hard/libc_nano.a
LOAD /opt/st/stm32cubeide_1.5.0/plugins/com.st.stm32cube.ide.mcu.externaltools.gnu-tools-for-stm32.9-2020-q2-update.linux64_1.5.0.202011040924/tools/bin/../lib/gcc/arm-none-eabi/9.3.1/../../../../arm-none-eabi/lib/thumb/v7e-m+fp/hard/libm.a
END GROUP
START GROUP
LOAD /opt/st/stm32cubeide_1.5.0/plugins/com.st.stm32cube.ide.mcu.externaltools.gnu-tools-for-stm32.9-2020-q2-update.linux64_1.5.0.202011040924/tools/bin/../lib/gcc/arm-none-eabi/9.3.1/thumb/v7e-m+fp/hard/libgcc.a
LOAD /opt/st/stm32cubeide_1.5.0/plugins/com.st.stm32cube.ide.mcu.externaltools.gnu-tools-for-stm32.9-2020-q2-update.linux64_1.5.0.202011040924/tools/bin/../lib/gcc/arm-none-eabi/9.3.1/../../../../arm-none-eabi/lib/thumb/v7e-m+fp/hard/libc_nano.a
END GROUP
START GROUP
LOAD /opt/st/stm32cubeide_1.5.0/plugins/com.st.stm32cube.ide.mcu.externaltools.gnu-tools-for-stm32.9-2020-q2-update.linux64_1.5.0.202011040924/tools/bin/../lib/gcc/arm-none-eabi/9.3.1/thumb/v7e-m+fp/hard/libgcc.a
LOAD /opt/st/stm32cubeide_1.5.0/plugins/com.st.stm32cube.ide.mcu.externaltools.gnu-tools-for-stm32.9-2020-q2-update.linux64_1.5.0.202011040924/tools/bin/../lib/gcc/arm-none-eabi/9.3.1/../../../../arm-none-eabi/lib/thumb/v7e-m+fp/hard/libc_nano.a
LOAD /opt/st/stm32cubeide_1.5.0/plugins/com.st.stm32cube.ide.mcu.externaltools.gnu-tools-for-stm32.9-2020-q2-update.linux64_1.5.0.202011040924/tools/bin/../lib/gcc/arm-none-eabi/9.3.1/../../../../arm-none-eabi/lib/thumb/v7e-m+fp/hard/libnosys.a
END GROUP
START GROUP
LOAD /opt/st/stm32cubeide_1.5.0/plugins/com.st.stm32cube.ide.mcu.externaltools.gnu-tools-for-stm32.9-2020-q2-update.linux64_1.5.0.202011040924/tools/bin/../lib/gcc/arm-none-eabi/9.3.1/thumb/v7e-m+fp/hard/libgcc.a
LOAD /opt/st/stm32cubeide_1.5.0/plugins/com.st.stm32cube.ide.mcu.externaltools.gnu-tools-for-stm32.9-2020-q2-update.linux64_1.5.0.202011040924/tools/bin/../lib/gcc/arm-none-eabi/9.3.1/../../../../arm-none-eabi/lib/thumb/v7e-m+fp/hard/libc_nano.a
LOAD /opt/st/stm32cubeide_1.5.0/plugins/com.st.stm32cube.ide.mcu.externaltools.gnu-tools-for-stm32.9-2020-q2-update.linux64_1.5.0.202011040924/tools/bin/../lib/gcc/arm-none-eabi/9.3.1/../../../../arm-none-eabi/lib/thumb/v7e-m+fp/hard/libnosys.a
END GROUP
LOAD /opt/st/stm32cubeide_1.5.0/plugins/com.st.stm32cube.ide.mcu.externaltools.gnu-tools-for-stm32.9-2020-q2-update.linux64_1.5.0.202011040924/tools/bin/../lib/gcc/arm-none-eabi/9.3.1/thumb/v7e-m+fp/hard/crtend.o
LOAD /opt/st/stm32cubeide_1.5.0/plugins/com.st.stm32cube.ide.mcu.externaltools.gnu-tools-for-stm32.9-2020-q2-update.linux64_1.5.0.202011040924/tools/bin/../lib/gcc/arm-none-eabi/9.3.1/thumb/v7e-m+fp/hard/crtn.o
                0x0000000020018000                _estack = (ORIGIN (RAM) + LENGTH (RAM))
                0x0000000000000400                _Min_Heap_Size = 0x400
                0x0000000000000600                _Min_Stack_Size = 0x600

.isr_vector     0x0000000008000000      0x188
                0x0000000008000000                . = ALIGN (0x4)
 *(.isr_vector)
 .isr_vector    0x0000000008000000      0x188 Startup/startup_stm32l476rgtx.o
                0x0000000008000000                g_pfnVectors
                0x0000000008000188                . = ALIGN (0x4)

.text           0x0000000008000190     0x6e40
                0x0000000008000190                . = ALIGN (0x4)
 *(.text)
 .text          0x0000000008000190       0x40 /opt/st/stm32cubeide_1.5.0/plugins/com.st.stm32cube.ide.mcu.externaltools.gnu-tools-for-stm32.9-2020-q2-update.linux64_1.5.0.202011040924/tools/bin/../lib/gcc/arm-none-eabi/9.3.1/thumb/v7e-m+fp/hard/crtbegin.o
 .text          0x00000000080001d0       0xa0 /opt/st/stm32cubeide_1.5.0/plugins/com.st.stm32cube.ide.mcu.externaltools.gnu-tools-for-stm32.9-2020-q2-update.linux64_1.5.0.202011040924/tools/bin/../lib/gcc/arm-none-eabi/9.3.1/../../../../arm-none-eabi/lib/thumb/v7e-m+fp/hard/libc_nano.a(lib_a-memchr.o)
                0x00000000080001d0                memchr
 .text          0x0000000008000270       0x30 /opt/st/stm32cubeide_1.5.0/plugins/com.st.stm32cube.ide.mcu.externaltools.gnu-tools-for-stm32.9-2020-q2-update.linux64_1.5.0.202011040924/tools/bin/../lib/gcc/arm-none-eabi/9.3.1/thumb/v7e-m+fp/hard/libgcc.a(_aeabi_uldivmod.o)
                0x0000000008000270                __aeabi_uldivmod
 .text          0x00000000080002a0      0x2c4 /opt/st/stm32cubeide_1.5.0/plugins/com.st.stm32cube.ide.mcu.externaltools.gnu-tools-for-stm32.9-2020-q2-update.linux64_1.5.0.202011040924/tools/bin/../lib/gcc/arm-none-eabi/9.3.1/thumb/v7e-m+fp/hard/libgcc.a(_udivmoddi4.o)
                0x00000000080002a0                __udivmoddi4
 .text          0x0000000008000564        0x4 /opt/st/stm32cubeide_1.5.0/plugins/com.st.stm32cube.ide.mcu.externaltools.gnu-tools-for-stm32.9-2020-q2-update.linux64_1.5.0.202011040924/tools/bin/../lib/gcc/arm-none-eabi/9.3.1/thumb/v7e-m+fp/hard/libgcc.a(_dvmd_tls.o)
                0x0000000008000564                __aeabi_ldiv0
                0x0000000008000564                __aeabi_idiv0
 *(.text*)
 .text.HAL_Init
                0x0000000008000568       0x30 Drivers/STM32L4xx_HAL_Driver/Src/stm32l4xx_hal.o
                0x0000000008000568                HAL_Init
 .text.HAL_InitTick
                0x0000000008000598       0x78 Drivers/STM32L4xx_HAL_Driver/Src/stm32l4xx_hal.o
                0x0000000008000598                HAL_InitTick
 .text.HAL_IncTick
                0x0000000008000610       0x28 Drivers/STM32L4xx_HAL_Driver/Src/stm32l4xx_hal.o
                0x0000000008000610                HAL_IncTick
 .text.HAL_GetTick
                0x0000000008000638       0x18 Drivers/STM32L4xx_HAL_Driver/Src/stm32l4xx_hal.o
                0x0000000008000638                HAL_GetTick
 .text.HAL_Delay
                0x0000000008000650       0x48 Drivers/STM32L4xx_HAL_Driver/Src/stm32l4xx_hal.o
                0x0000000008000650                HAL_Delay
 .text.__NVIC_SetPriorityGrouping
                0x0000000008000698       0x48 Drivers/STM32L4xx_HAL_Driver/Src/stm32l4xx_hal_cortex.o
 .text.__NVIC_GetPriorityGrouping
                0x00000000080006e0       0x1c Drivers/STM32L4xx_HAL_Driver/Src/stm32l4xx_hal_cortex.o
 .text.__NVIC_EnableIRQ
                0x00000000080006fc       0x3c Drivers/STM32L4xx_HAL_Driver/Src/stm32l4xx_hal_cortex.o
 .text.__NVIC_SetPriority
                0x0000000008000738       0x54 Drivers/STM32L4xx_HAL_Driver/Src/stm32l4xx_hal_cortex.o
 .text.NVIC_EncodePriority
                0x000000000800078c       0x66 Drivers/STM32L4xx_HAL_Driver/Src/stm32l4xx_hal_cortex.o
 *fill*         0x00000000080007f2        0x2 
 .text.SysTick_Config
                0x00000000080007f4       0x44 Drivers/STM32L4xx_HAL_Driver/Src/stm32l4xx_hal_cortex.o
 .text.HAL_NVIC_SetPriorityGrouping
                0x0000000008000838       0x16 Drivers/STM32L4xx_HAL_Driver/Src/stm32l4xx_hal_cortex.o
                0x0000000008000838                HAL_NVIC_SetPriorityGrouping
 .text.HAL_NVIC_SetPriority
                0x000000000800084e       0x38 Drivers/STM32L4xx_HAL_Driver/Src/stm32l4xx_hal_cortex.o
                0x000000000800084e                HAL_NVIC_SetPriority
 .text.HAL_NVIC_EnableIRQ
                0x0000000008000886       0x1c Drivers/STM32L4xx_HAL_Driver/Src/stm32l4xx_hal_cortex.o
                0x0000000008000886                HAL_NVIC_EnableIRQ
 .text.HAL_SYSTICK_Config
                0x00000000080008a2       0x18 Drivers/STM32L4xx_HAL_Driver/Src/stm32l4xx_hal_cortex.o
                0x00000000080008a2                HAL_SYSTICK_Config
 *fill*         0x00000000080008ba        0x2 
 .text.HAL_GPIO_Init
                0x00000000080008bc      0x354 Drivers/STM32L4xx_HAL_Driver/Src/stm32l4xx_hal_gpio.o
                0x00000000080008bc                HAL_GPIO_Init
 .text.HAL_GPIO_WritePin
                0x0000000008000c10       0x30 Drivers/STM32L4xx_HAL_Driver/Src/stm32l4xx_hal_gpio.o
                0x0000000008000c10                HAL_GPIO_WritePin
 .text.HAL_GPIO_EXTI_IRQHandler
                0x0000000008000c40       0x30 Drivers/STM32L4xx_HAL_Driver/Src/stm32l4xx_hal_gpio.o
                0x0000000008000c40                HAL_GPIO_EXTI_IRQHandler
 .text.HAL_I2C_Init
                0x0000000008000c70      0x11e Drivers/STM32L4xx_HAL_Driver/Src/stm32l4xx_hal_i2c.o
                0x0000000008000c70                HAL_I2C_Init
 *fill*         0x0000000008000d8e        0x2 
 .text.HAL_I2C_Master_Transmit
                0x0000000008000d90      0x1e8 Drivers/STM32L4xx_HAL_Driver/Src/stm32l4xx_hal_i2c.o
                0x0000000008000d90                HAL_I2C_Master_Transmit
 .text.HAL_I2C_IsDeviceReady
                0x0000000008000f78      0x20e Drivers/STM32L4xx_HAL_Driver/Src/stm32l4xx_hal_i2c.o
                0x0000000008000f78                HAL_I2C_IsDeviceReady
 .text.I2C_Flush_TXDR
                0x0000000008001186       0x48 Drivers/STM32L4xx_HAL_Driver/Src/stm32l4xx_hal_i2c.o
 .text.I2C_WaitOnFlagUntilTimeout
                0x00000000080011ce       0x80 Drivers/STM32L4xx_HAL_Driver/Src/stm32l4xx_hal_i2c.o
 .text.I2C_WaitOnTXISFlagUntilTimeout
                0x000000000800124e       0x80 Drivers/STM32L4xx_HAL_Driver/Src/stm32l4xx_hal_i2c.o
 .text.I2C_WaitOnSTOPFlagUntilTimeout
                0x00000000080012ce       0x78 Drivers/STM32L4xx_HAL_Driver/Src/stm32l4xx_hal_i2c.o
 *fill*         0x0000000008001346        0x2 
 .text.I2C_IsAcknowledgeFailed
                0x0000000008001348       0xcc Drivers/STM32L4xx_HAL_Driver/Src/stm32l4xx_hal_i2c.o
 .text.I2C_TransferConfig
                0x0000000008001414       0x5c Drivers/STM32L4xx_HAL_Driver/Src/stm32l4xx_hal_i2c.o
 .text.HAL_I2CEx_ConfigAnalogFilter
                0x0000000008001470       0x96 Drivers/STM32L4xx_HAL_Driver/Src/stm32l4xx_hal_i2c_ex.o
                0x0000000008001470                HAL_I2CEx_ConfigAnalogFilter
 .text.HAL_I2CEx_ConfigDigitalFilter
                0x0000000008001506       0x98 Drivers/STM32L4xx_HAL_Driver/Src/stm32l4xx_hal_i2c_ex.o
                0x0000000008001506                HAL_I2CEx_ConfigDigitalFilter
 *fill*         0x000000000800159e        0x2 
 .text.HAL_PWREx_GetVoltageRange
                0x00000000080015a0       0x1c Drivers/STM32L4xx_HAL_Driver/Src/stm32l4xx_hal_pwr_ex.o
                0x00000000080015a0                HAL_PWREx_GetVoltageRange
 .text.HAL_PWREx_ControlVoltageScaling
                0x00000000080015bc       0xac Drivers/STM32L4xx_HAL_Driver/Src/stm32l4xx_hal_pwr_ex.o
                0x00000000080015bc                HAL_PWREx_ControlVoltageScaling
 .text.HAL_RCC_OscConfig
                0x0000000008001668      0x7cc Drivers/STM32L4xx_HAL_Driver/Src/stm32l4xx_hal_rcc.o
                0x0000000008001668                HAL_RCC_OscConfig
 .text.HAL_RCC_ClockConfig
                0x0000000008001e34      0x1c4 Drivers/STM32L4xx_HAL_Driver/Src/stm32l4xx_hal_rcc.o
                0x0000000008001e34                HAL_RCC_ClockConfig
 .text.HAL_RCC_GetSysClockFreq
                0x0000000008001ff8      0x118 Drivers/STM32L4xx_HAL_Driver/Src/stm32l4xx_hal_rcc.o
                0x0000000008001ff8                HAL_RCC_GetSysClockFreq
 .text.HAL_RCC_GetHCLKFreq
                0x0000000008002110       0x18 Drivers/STM32L4xx_HAL_Driver/Src/stm32l4xx_hal_rcc.o
                0x0000000008002110                HAL_RCC_GetHCLKFreq
 .text.HAL_RCC_GetPCLK1Freq
                0x0000000008002128       0x2c Drivers/STM32L4xx_HAL_Driver/Src/stm32l4xx_hal_rcc.o
                0x0000000008002128                HAL_RCC_GetPCLK1Freq
 .text.HAL_RCC_GetPCLK2Freq
                0x0000000008002154       0x2c Drivers/STM32L4xx_HAL_Driver/Src/stm32l4xx_hal_rcc.o
                0x0000000008002154                HAL_RCC_GetPCLK2Freq
 .text.RCC_SetFlashLatencyFromMSIRange
                0x0000000008002180       0xc0 Drivers/STM32L4xx_HAL_Driver/Src/stm32l4xx_hal_rcc.o
 .text.HAL_RCCEx_PeriphCLKConfig
                0x0000000008002240      0x5d4 Drivers/STM32L4xx_HAL_Driver/Src/stm32l4xx_hal_rcc_ex.o
                0x0000000008002240                HAL_RCCEx_PeriphCLKConfig
 .text.RCCEx_PLLSAI1_Config
                0x0000000008002814      0x1e8 Drivers/STM32L4xx_HAL_Driver/Src/stm32l4xx_hal_rcc_ex.o
 .text.RCCEx_PLLSAI2_Config
                0x00000000080029fc      0x1bc Drivers/STM32L4xx_HAL_Driver/Src/stm32l4xx_hal_rcc_ex.o
 .text.HAL_SPI_Init
                0x0000000008002bb8      0x146 Drivers/STM32L4xx_HAL_Driver/Src/stm32l4xx_hal_spi.o
                0x0000000008002bb8                HAL_SPI_Init
 .text.HAL_SPI_TransmitReceive
                0x0000000008002cfe      0x426 Drivers/STM32L4xx_HAL_Driver/Src/stm32l4xx_hal_spi.o
                0x0000000008002cfe                HAL_SPI_TransmitReceive
 .text.SPI_WaitFlagStateUntilTimeout
                0x0000000008003124      0x110 Drivers/STM32L4xx_HAL_Driver/Src/stm32l4xx_hal_spi.o
 .text.SPI_WaitFifoStateUntilTimeout
                0x0000000008003234      0x11c Drivers/STM32L4xx_HAL_Driver/Src/stm32l4xx_hal_spi.o
 .text.SPI_EndRxTxTransaction
                0x0000000008003350       0x8c Drivers/STM32L4xx_HAL_Driver/Src/stm32l4xx_hal_spi.o
 .text.HAL_UART_Init
                0x00000000080033dc       0x9c Drivers/STM32L4xx_HAL_Driver/Src/stm32l4xx_hal_uart.o
                0x00000000080033dc                HAL_UART_Init
 .text.HAL_UART_Transmit
                0x0000000008003478      0x126 Drivers/STM32L4xx_HAL_Driver/Src/stm32l4xx_hal_uart.o
                0x0000000008003478                HAL_UART_Transmit
 *fill*         0x000000000800359e        0x2 
 .text.UART_SetConfig
                0x00000000080035a0      0x514 Drivers/STM32L4xx_HAL_Driver/Src/stm32l4xx_hal_uart.o
                0x00000000080035a0                UART_SetConfig
 .text.UART_AdvFeatureConfig
                0x0000000008003ab4      0x144 Drivers/STM32L4xx_HAL_Driver/Src/stm32l4xx_hal_uart.o
                0x0000000008003ab4                UART_AdvFeatureConfig
 .text.UART_CheckIdleState
                0x0000000008003bf8       0x8a Drivers/STM32L4xx_HAL_Driver/Src/stm32l4xx_hal_uart.o
                0x0000000008003bf8                UART_CheckIdleState
 .text.UART_WaitOnFlagUntilTimeout
                0x0000000008003c82       0xf6 Drivers/STM32L4xx_HAL_Driver/Src/stm32l4xx_hal_uart.o
                0x0000000008003c82                UART_WaitOnFlagUntilTimeout
 .text.HAL_nRF24L01P_Init
                0x0000000008003d78      0x26e Drivers/nrf24/nRF24L01P.o
                0x0000000008003d78                HAL_nRF24L01P_Init
 .text.HAL_nRF24L01P_IRQ_Handler
                0x0000000008003fe6      0x10a Drivers/nrf24/nRF24L01P.o
                0x0000000008003fe6                HAL_nRF24L01P_IRQ_Handler
 .text.HAL_nRF24L01P_SetPRXWidth
                0x00000000080040f0       0x8c Drivers/nrf24/nRF24L01P.o
                0x00000000080040f0                HAL_nRF24L01P_SetPRXWidth
 .text.HAL_nRF24L01P_SetPTXAddress
                0x000000000800417c       0x30 Drivers/nrf24/nRF24L01P.o
                0x000000000800417c                HAL_nRF24L01P_SetPTXAddress
 .text.HAL_nRF24L01P_SetPRXAddress
                0x00000000080041ac       0xa0 Drivers/nrf24/nRF24L01P.o
                0x00000000080041ac                HAL_nRF24L01P_SetPRXAddress
 .text.HAL_nRF24L01P_DPLPipe
                0x000000000800424c       0x82 Drivers/nrf24/nRF24L01P.o
                0x000000000800424c                HAL_nRF24L01P_DPLPipe
 .text.HAL_nRF24L01P_DynPayload
                0x00000000080042ce       0x62 Drivers/nrf24/nRF24L01P.o
                0x00000000080042ce                HAL_nRF24L01P_DynPayload
 .text.HAL_nRF24L01P_ACKPayload
                0x0000000008004330       0x62 Drivers/nrf24/nRF24L01P.o
                0x0000000008004330                HAL_nRF24L01P_ACKPayload
 .text.HAL_nRF24L01P_DynACK
                0x0000000008004392       0x62 Drivers/nrf24/nRF24L01P.o
                0x0000000008004392                HAL_nRF24L01P_DynACK
 .text.HAL_nRF24L01P_MaxReTransmitIRQ
                0x00000000080043f4       0x62 Drivers/nrf24/nRF24L01P.o
                0x00000000080043f4                HAL_nRF24L01P_MaxReTransmitIRQ
 .text.HAL_nRF24L01P_TXDataSentIRQ
                0x0000000008004456       0x62 Drivers/nrf24/nRF24L01P.o
                0x0000000008004456                HAL_nRF24L01P_TXDataSentIRQ
 .text.HAL_nRF24L01P_RXDataReadyIRQ
                0x00000000080044b8       0x62 Drivers/nrf24/nRF24L01P.o
                0x00000000080044b8                HAL_nRF24L01P_RXDataReadyIRQ
 .text.HAL_nRF24L01P_TXRX
                0x000000000800451a       0x6e Drivers/nrf24/nRF24L01P.o
                0x000000000800451a                HAL_nRF24L01P_TXRX
 .text.HAL_nRF24L01P_PowerUP
                0x0000000008004588       0x62 Drivers/nrf24/nRF24L01P.o
                0x0000000008004588                HAL_nRF24L01P_PowerUP
 .text.HAL_nRF24L01P_SetCRCWidth
                0x00000000080045ea       0x62 Drivers/nrf24/nRF24L01P.o
                0x00000000080045ea                HAL_nRF24L01P_SetCRCWidth
 .text.HAL_nRF24L01P_CRC
                0x000000000800464c       0x62 Drivers/nrf24/nRF24L01P.o
                0x000000000800464c                HAL_nRF24L01P_CRC
 .text.HAL_nRF24L01P_AutoACK
                0x00000000080046ae       0x8a Drivers/nrf24/nRF24L01P.o
                0x00000000080046ae                HAL_nRF24L01P_AutoACK
 .text.HAL_nRF24L01P_RXPipe
                0x0000000008004738       0x8a Drivers/nrf24/nRF24L01P.o
                0x0000000008004738                HAL_nRF24L01P_RXPipe
 .text.HAL_nRF24L01P_SetAddressWidth
                0x00000000080047c2       0x62 Drivers/nrf24/nRF24L01P.o
                0x00000000080047c2                HAL_nRF24L01P_SetAddressWidth
 .text.HAL_nRF24L01P_SetRetransmissionDelay
                0x0000000008004824       0x6a Drivers/nrf24/nRF24L01P.o
                0x0000000008004824                HAL_nRF24L01P_SetRetransmissionDelay
 .text.HAL_nRF24L01P_SetRetransmissionCount
                0x000000000800488e       0x62 Drivers/nrf24/nRF24L01P.o
                0x000000000800488e                HAL_nRF24L01P_SetRetransmissionCount
 .text.HAL_nRF24L01P_SetRFChannel
                0x00000000080048f0       0x36 Drivers/nrf24/nRF24L01P.o
                0x00000000080048f0                HAL_nRF24L01P_SetRFChannel
 .text.HAL_nRF24L01P_ClearInterrupts
                0x0000000008004926       0x4c Drivers/nrf24/nRF24L01P.o
                0x0000000008004926                HAL_nRF24L01P_ClearInterrupts
 .text.HAL_nRF24L01P_SetDataRate
                0x0000000008004972       0x9e Drivers/nrf24/nRF24L01P.o
                0x0000000008004972                HAL_nRF24L01P_SetDataRate
 .text.HAL_nRF24L01P_FlushTX
                0x0000000008004a10       0x34 Drivers/nrf24/nRF24L01P.o
                0x0000000008004a10                HAL_nRF24L01P_FlushTX
 .text.HAL_nRF24L01P_FlushRX
                0x0000000008004a44       0x34 Drivers/nrf24/nRF24L01P.o
                0x0000000008004a44                HAL_nRF24L01P_FlushRX
 .text.HAL_nRF24L01P_ReadRXPayload
                0x0000000008004a78       0x7e Drivers/nrf24/nRF24L01P.o
                0x0000000008004a78                HAL_nRF24L01P_ReadRXPayload
 .text.HAL_nRF24L01P_WriteRegister
                0x0000000008004af6       0x3c Drivers/nrf24/nRF24L01P.o
                0x0000000008004af6                HAL_nRF24L01P_WriteRegister
 .text.HAL_nRF24L01P_ReadRegister
                0x0000000008004b32       0x38 Drivers/nrf24/nRF24L01P.o
                0x0000000008004b32                HAL_nRF24L01P_ReadRegister
 .text.HAL_nRF24L01P_SendCommand
                0x0000000008004b6a      0x166 Drivers/nrf24/nRF24L01P.o
                0x0000000008004b6a                HAL_nRF24L01P_SendCommand
 .text.HAL_nRF24L01P_nSS_High
                0x0000000008004cd0       0x20 Drivers/nrf24/nRF24L01P.o
                0x0000000008004cd0                HAL_nRF24L01P_nSS_High
 .text.HAL_nRF24L01P_nSS_Low
                0x0000000008004cf0       0x20 Drivers/nrf24/nRF24L01P.o
                0x0000000008004cf0                HAL_nRF24L01P_nSS_Low
 .text.HAL_nRF24L01P_CE_High
                0x0000000008004d10       0x20 Drivers/nrf24/nRF24L01P.o
                0x0000000008004d10                HAL_nRF24L01P_CE_High
 .text.HAL_nRF24L01P_CE_Low
                0x0000000008004d30       0x20 Drivers/nrf24/nRF24L01P.o
                0x0000000008004d30                HAL_nRF24L01P_CE_Low
 .text.SSD1306_Init
                0x0000000008004d50      0x188 Drivers/ssd1306/ssd1306.o
                0x0000000008004d50                SSD1306_Init
 .text.SSD1306_UpdateScreen
                0x0000000008004ed8       0x5c Drivers/ssd1306/ssd1306.o
                0x0000000008004ed8                SSD1306_UpdateScreen
 .text.SSD1306_Fill
                0x0000000008004f34       0x30 Drivers/ssd1306/ssd1306.o
                0x0000000008004f34                SSD1306_Fill
 .text.SSD1306_DrawPixel
                0x0000000008004f64       0xc0 Drivers/ssd1306/ssd1306.o
                0x0000000008004f64                SSD1306_DrawPixel
 .text.SSD1306_GotoXY
                0x0000000008005024       0x2c Drivers/ssd1306/ssd1306.o
                0x0000000008005024                SSD1306_GotoXY
 .text.SSD1306_Putc
                0x0000000008005050      0x100 Drivers/ssd1306/ssd1306.o
                0x0000000008005050                SSD1306_Putc
 .text.SSD1306_Puts
                0x0000000008005150       0x4a Drivers/ssd1306/ssd1306.o
                0x0000000008005150                SSD1306_Puts
 *fill*         0x000000000800519a        0x2 
 .text.ssd1306_I2C_Init
                0x000000000800519c       0x2c Drivers/ssd1306/ssd1306.o
                0x000000000800519c                ssd1306_I2C_Init
 .text.ssd1306_I2C_WriteMulti
                0x00000000080051c8       0x90 Drivers/ssd1306/ssd1306.o
                0x00000000080051c8                ssd1306_I2C_WriteMulti
 .text.ssd1306_I2C_Write
                0x0000000008005258       0x3c Drivers/ssd1306/ssd1306.o
                0x0000000008005258                ssd1306_I2C_Write
 .text.MX_GPIO_Init
                0x0000000008005294       0xf0 Src/gpio.o
                0x0000000008005294                MX_GPIO_Init
 .text.MX_I2C1_Init
                0x0000000008005384       0x7c Src/i2c.o
                0x0000000008005384                MX_I2C1_Init
 .text.HAL_I2C_MspInit
                0x0000000008005400       0x88 Src/i2c.o
                0x0000000008005400                HAL_I2C_MspInit
 .text.main     0x0000000008005488      0x1bc Src/main.o
                0x0000000008005488                main
 .text.SystemClock_Config
                0x0000000008005644       0xee Src/main.o
                0x0000000008005644                SystemClock_Config
 *fill*         0x0000000008005732        0x2 
 .text.HAL_GPIO_EXTI_Callback
                0x0000000008005734       0x38 Src/main.o
                0x0000000008005734                HAL_GPIO_EXTI_Callback
 .text.__io_putchar
                0x000000000800576c       0x24 Src/main.o
                0x000000000800576c                __io_putchar
 .text.Error_Handler
                0x0000000008005790       0x1c Src/main.o
                0x0000000008005790                Error_Handler
 .text.MX_SPI1_Init
                0x00000000080057ac       0x7c Src/spi.o
                0x00000000080057ac                MX_SPI1_Init
 .text.HAL_SPI_MspInit
                0x0000000008005828       0x84 Src/spi.o
                0x0000000008005828                HAL_SPI_MspInit
 .text.HAL_MspInit
                0x00000000080058ac       0x48 Src/stm32l4xx_hal_msp.o
                0x00000000080058ac                HAL_MspInit
 .text.SVC_Handler
                0x00000000080058f4        0xe Src/stm32l4xx_it.o
                0x00000000080058f4                SVC_Handler
 .text.PendSV_Handler
                0x0000000008005902        0xe Src/stm32l4xx_it.o
                0x0000000008005902                PendSV_Handler
 .text.SysTick_Handler
                0x0000000008005910        0xc Src/stm32l4xx_it.o
                0x0000000008005910                SysTick_Handler
 .text.EXTI9_5_IRQHandler
                0x000000000800591c       0x10 Src/stm32l4xx_it.o
                0x000000000800591c                EXTI9_5_IRQHandler
 .text._read    0x000000000800592c       0x3a Src/syscalls.o
                0x000000000800592c                _read
 .text._write   0x0000000008005966       0x38 Src/syscalls.o
                0x0000000008005966                _write
 .text._close   0x000000000800599e       0x18 Src/syscalls.o
                0x000000000800599e                _close
 .text._fstat   0x00000000080059b6       0x20 Src/syscalls.o
                0x00000000080059b6                _fstat
 .text._isatty  0x00000000080059d6       0x16 Src/syscalls.o
                0x00000000080059d6                _isatty
 .text._lseek   0x00000000080059ec       0x1a Src/syscalls.o
                0x00000000080059ec                _lseek
 *fill*         0x0000000008005a06        0x2 
 .text._sbrk    0x0000000008005a08       0x6c Src/sysmem.o
                0x0000000008005a08                _sbrk
 .text.SystemInit
                0x0000000008005a74       0x6c Src/system_stm32l4xx.o
                0x0000000008005a74                SystemInit
 .text.MX_USART2_UART_Init
                0x0000000008005ae0       0x60 Src/usart.o
                0x0000000008005ae0                MX_USART2_UART_Init
 .text.HAL_UART_MspInit
                0x0000000008005b40       0x84 Src/usart.o
                0x0000000008005b40                HAL_UART_MspInit
 .text.Reset_Handler
                0x0000000008005bc4       0x50 Startup/startup_stm32l476rgtx.o
                0x0000000008005bc4                Reset_Handler
 .text.Default_Handler
                0x0000000008005c14        0x2 Startup/startup_stm32l476rgtx.o
                0x0000000008005c14                RTC_Alarm_IRQHandler
                0x0000000008005c14                EXTI2_IRQHandler
                0x0000000008005c14                TIM8_TRG_COM_IRQHandler
                0x0000000008005c14                TIM8_CC_IRQHandler
                0x0000000008005c14                DebugMon_Handler
                0x0000000008005c14                TIM1_CC_IRQHandler
                0x0000000008005c14                TSC_IRQHandler
                0x0000000008005c14                HardFault_Handler
                0x0000000008005c14                TAMP_STAMP_IRQHandler
                0x0000000008005c14                NMI_Handler
                0x0000000008005c14                EXTI3_IRQHandler
                0x0000000008005c14                LPTIM2_IRQHandler
                0x0000000008005c14                DFSDM1_FLT1_IRQHandler
                0x0000000008005c14                I2C3_ER_IRQHandler
                0x0000000008005c14                DFSDM1_FLT2_IRQHandler
                0x0000000008005c14                EXTI0_IRQHandler
                0x0000000008005c14                I2C2_EV_IRQHandler
                0x0000000008005c14                CAN1_RX0_IRQHandler
                0x0000000008005c14                FPU_IRQHandler
                0x0000000008005c14                TIM1_UP_TIM16_IRQHandler
                0x0000000008005c14                UsageFault_Handler
                0x0000000008005c14                ADC1_2_IRQHandler
                0x0000000008005c14                SPI1_IRQHandler
                0x0000000008005c14                TIM6_DAC_IRQHandler
                0x0000000008005c14                TIM8_UP_IRQHandler
                0x0000000008005c14                DMA2_Channel2_IRQHandler
                0x0000000008005c14                DMA1_Channel4_IRQHandler
                0x0000000008005c14                SAI2_IRQHandler
                0x0000000008005c14                DFSDM1_FLT3_IRQHandler
                0x0000000008005c14                USART3_IRQHandler
                0x0000000008005c14                DMA1_Channel7_IRQHandler
                0x0000000008005c14                CAN1_RX1_IRQHandler
                0x0000000008005c14                LCD_IRQHandler
                0x0000000008005c14                UART5_IRQHandler
                0x0000000008005c14                ADC3_IRQHandler
                0x0000000008005c14                TIM4_IRQHandler
                0x0000000008005c14                DMA2_Channel1_IRQHandler
                0x0000000008005c14                QUADSPI_IRQHandler
                0x0000000008005c14                I2C1_EV_IRQHandler
                0x0000000008005c14                DMA1_Channel6_IRQHandler
                0x0000000008005c14                UART4_IRQHandler
                0x0000000008005c14                DMA2_Channel4_IRQHandler
                0x0000000008005c14                TIM3_IRQHandler
                0x0000000008005c14                RCC_IRQHandler
                0x0000000008005c14                DMA1_Channel1_IRQHandler
                0x0000000008005c14                Default_Handler
                0x0000000008005c14                DMA2_Channel7_IRQHandler
                0x0000000008005c14                EXTI15_10_IRQHandler
                0x0000000008005c14                TIM7_IRQHandler
                0x0000000008005c14                SDMMC1_IRQHandler
                0x0000000008005c14                TIM5_IRQHandler
                0x0000000008005c14                I2C3_EV_IRQHandler
                0x0000000008005c14                RTC_WKUP_IRQHandler
                0x0000000008005c14                PVD_PVM_IRQHandler
                0x0000000008005c14                SPI2_IRQHandler
                0x0000000008005c14                MemManage_Handler
                0x0000000008005c14                CAN1_TX_IRQHandler
                0x0000000008005c14                DMA2_Channel5_IRQHandler
                0x0000000008005c14                DMA1_Channel5_IRQHandler
                0x0000000008005c14                EXTI4_IRQHandler
                0x0000000008005c14                RNG_IRQHandler
                0x0000000008005c14                TIM1_TRG_COM_TIM17_IRQHandler
                0x0000000008005c14                DMA1_Channel3_IRQHandler
                0x0000000008005c14                COMP_IRQHandler
                0x0000000008005c14                WWDG_IRQHandler
                0x0000000008005c14                LPUART1_IRQHandler
                0x0000000008005c14                DMA2_Channel6_IRQHandler
                0x0000000008005c14                TIM2_IRQHandler
                0x0000000008005c14                EXTI1_IRQHandler
                0x0000000008005c14                USART2_IRQHandler
                0x0000000008005c14                DFSDM1_FLT0_IRQHandler
                0x0000000008005c14                I2C2_ER_IRQHandler
                0x0000000008005c14                DMA1_Channel2_IRQHandler
                0x0000000008005c14                TIM8_BRK_IRQHandler
                0x0000000008005c14                CAN1_SCE_IRQHandler
                0x0000000008005c14                FLASH_IRQHandler
                0x0000000008005c14                BusFault_Handler
                0x0000000008005c14                USART1_IRQHandler
                0x0000000008005c14                OTG_FS_IRQHandler
                0x0000000008005c14                SPI3_IRQHandler
                0x0000000008005c14                I2C1_ER_IRQHandler
                0x0000000008005c14                FMC_IRQHandler
                0x0000000008005c14                SWPMI1_IRQHandler
                0x0000000008005c14                LPTIM1_IRQHandler
                0x0000000008005c14                SAI1_IRQHandler
                0x0000000008005c14                DMA2_Channel3_IRQHandler
                0x0000000008005c14                TIM1_BRK_TIM15_IRQHandler
 *fill*         0x0000000008005c16        0x2 
 .text.__errno  0x0000000008005c18        0xc /opt/st/stm32cubeide_1.5.0/plugins/com.st.stm32cube.ide.mcu.externaltools.gnu-tools-for-stm32.9-2020-q2-update.linux64_1.5.0.202011040924/tools/bin/../lib/gcc/arm-none-eabi/9.3.1/../../../../arm-none-eabi/lib/thumb/v7e-m+fp/hard/libc_nano.a(lib_a-errno.o)
                0x0000000008005c18                __errno
 .text.__libc_init_array
                0x0000000008005c24       0x48 /opt/st/stm32cubeide_1.5.0/plugins/com.st.stm32cube.ide.mcu.externaltools.gnu-tools-for-stm32.9-2020-q2-update.linux64_1.5.0.202011040924/tools/bin/../lib/gcc/arm-none-eabi/9.3.1/../../../../arm-none-eabi/lib/thumb/v7e-m+fp/hard/libc_nano.a(lib_a-init.o)
                0x0000000008005c24                __libc_init_array
 .text.memset   0x0000000008005c6c       0x10 /opt/st/stm32cubeide_1.5.0/plugins/com.st.stm32cube.ide.mcu.externaltools.gnu-tools-for-stm32.9-2020-q2-update.linux64_1.5.0.202011040924/tools/bin/../lib/gcc/arm-none-eabi/9.3.1/../../../../arm-none-eabi/lib/thumb/v7e-m+fp/hard/libc_nano.a(lib_a-memset.o)
                0x0000000008005c6c                memset
 .text.printf   0x0000000008005c7c       0x30 /opt/st/stm32cubeide_1.5.0/plugins/com.st.stm32cube.ide.mcu.externaltools.gnu-tools-for-stm32.9-2020-q2-update.linux64_1.5.0.202011040924/tools/bin/../lib/gcc/arm-none-eabi/9.3.1/../../../../arm-none-eabi/lib/thumb/v7e-m+fp/hard/libc_nano.a(lib_a-printf.o)
                0x0000000008005c7c                printf
                0x0000000008005c7c                iprintf
 .text._puts_r  0x0000000008005cac       0xdc /opt/st/stm32cubeide_1.5.0/plugins/com.st.stm32cube.ide.mcu.externaltools.gnu-tools-for-stm32.9-2020-q2-update.linux64_1.5.0.202011040924/tools/bin/../lib/gcc/arm-none-eabi/9.3.1/../../../../arm-none-eabi/lib/thumb/v7e-m+fp/hard/libc_nano.a(lib_a-puts.o)
                0x0000000008005cac                _puts_r
 .text.puts     0x0000000008005d88       0x10 /opt/st/stm32cubeide_1.5.0/plugins/com.st.stm32cube.ide.mcu.externaltools.gnu-tools-for-stm32.9-2020-q2-update.linux64_1.5.0.202011040924/tools/bin/../lib/gcc/arm-none-eabi/9.3.1/../../../../arm-none-eabi/lib/thumb/v7e-m+fp/hard/libc_nano.a(lib_a-puts.o)
                0x0000000008005d88                puts
 .text.sprintf  0x0000000008005d98       0x40 /opt/st/stm32cubeide_1.5.0/plugins/com.st.stm32cube.ide.mcu.externaltools.gnu-tools-for-stm32.9-2020-q2-update.linux64_1.5.0.202011040924/tools/bin/../lib/gcc/arm-none-eabi/9.3.1/../../../../arm-none-eabi/lib/thumb/v7e-m+fp/hard/libc_nano.a(lib_a-sprintf.o)
                0x0000000008005d98                sprintf
                0x0000000008005d98                siprintf
 .text.__swbuf_r
                0x0000000008005dd8       0xa4 /opt/st/stm32cubeide_1.5.0/plugins/com.st.stm32cube.ide.mcu.externaltools.gnu-tools-for-stm32.9-2020-q2-update.linux64_1.5.0.202011040924/tools/bin/../lib/gcc/arm-none-eabi/9.3.1/../../../../arm-none-eabi/lib/thumb/v7e-m+fp/hard/libc_nano.a(lib_a-wbuf.o)
                0x0000000008005dd8                __swbuf_r
 .text.__swsetup_r
                0x0000000008005e7c       0xdc /opt/st/stm32cubeide_1.5.0/plugins/com.st.stm32cube.ide.mcu.externaltools.gnu-tools-for-stm32.9-2020-q2-update.linux64_1.5.0.202011040924/tools/bin/../lib/gcc/arm-none-eabi/9.3.1/../../../../arm-none-eabi/lib/thumb/v7e-m+fp/hard/libc_nano.a(lib_a-wsetup.o)
                0x0000000008005e7c                __swsetup_r
 .text.__sflush_r
                0x0000000008005f58      0x10c /opt/st/stm32cubeide_1.5.0/plugins/com.st.stm32cube.ide.mcu.externaltools.gnu-tools-for-stm32.9-2020-q2-update.linux64_1.5.0.202011040924/tools/bin/../lib/gcc/arm-none-eabi/9.3.1/../../../../arm-none-eabi/lib/thumb/v7e-m+fp/hard/libc_nano.a(lib_a-fflush.o)
                0x0000000008005f58                __sflush_r
 .text._fflush_r
                0x0000000008006064       0x78 /opt/st/stm32cubeide_1.5.0/plugins/com.st.stm32cube.ide.mcu.externaltools.gnu-tools-for-stm32.9-2020-q2-update.linux64_1.5.0.202011040924/tools/bin/../lib/gcc/arm-none-eabi/9.3.1/../../../../arm-none-eabi/lib/thumb/v7e-m+fp/hard/libc_nano.a(lib_a-fflush.o)
                0x0000000008006064                _fflush_r
 .text.std      0x00000000080060dc       0x48 /opt/st/stm32cubeide_1.5.0/plugins/com.st.stm32cube.ide.mcu.externaltools.gnu-tools-for-stm32.9-2020-q2-update.linux64_1.5.0.202011040924/tools/bin/../lib/gcc/arm-none-eabi/9.3.1/../../../../arm-none-eabi/lib/thumb/v7e-m+fp/hard/libc_nano.a(lib_a-findfp.o)
 .text._cleanup_r
                0x0000000008006124        0xc /opt/st/stm32cubeide_1.5.0/plugins/com.st.stm32cube.ide.mcu.externaltools.gnu-tools-for-stm32.9-2020-q2-update.linux64_1.5.0.202011040924/tools/bin/../lib/gcc/arm-none-eabi/9.3.1/../../../../arm-none-eabi/lib/thumb/v7e-m+fp/hard/libc_nano.a(lib_a-findfp.o)
                0x0000000008006124                _cleanup_r
 .text.__sfmoreglue
                0x0000000008006130       0x2c /opt/st/stm32cubeide_1.5.0/plugins/com.st.stm32cube.ide.mcu.externaltools.gnu-tools-for-stm32.9-2020-q2-update.linux64_1.5.0.202011040924/tools/bin/../lib/gcc/arm-none-eabi/9.3.1/../../../../arm-none-eabi/lib/thumb/v7e-m+fp/hard/libc_nano.a(lib_a-findfp.o)
                0x0000000008006130                __sfmoreglue
 .text.__sfp_lock_acquire
                0x000000000800615c        0xc /opt/st/stm32cubeide_1.5.0/plugins/com.st.stm32cube.ide.mcu.externaltools.gnu-tools-for-stm32.9-2020-q2-update.linux64_1.5.0.202011040924/tools/bin/../lib/gcc/arm-none-eabi/9.3.1/../../../../arm-none-eabi/lib/thumb/v7e-m+fp/hard/libc_nano.a(lib_a-findfp.o)
                0x000000000800615c                __sfp_lock_acquire
 .text.__sfp_lock_release
                0x0000000008006168        0xc /opt/st/stm32cubeide_1.5.0/plugins/com.st.stm32cube.ide.mcu.externaltools.gnu-tools-for-stm32.9-2020-q2-update.linux64_1.5.0.202011040924/tools/bin/../lib/gcc/arm-none-eabi/9.3.1/../../../../arm-none-eabi/lib/thumb/v7e-m+fp/hard/libc_nano.a(lib_a-findfp.o)
                0x0000000008006168                __sfp_lock_release
 .text.__sinit_lock_acquire
                0x0000000008006174        0xc /opt/st/stm32cubeide_1.5.0/plugins/com.st.stm32cube.ide.mcu.externaltools.gnu-tools-for-stm32.9-2020-q2-update.linux64_1.5.0.202011040924/tools/bin/../lib/gcc/arm-none-eabi/9.3.1/../../../../arm-none-eabi/lib/thumb/v7e-m+fp/hard/libc_nano.a(lib_a-findfp.o)
                0x0000000008006174                __sinit_lock_acquire
 .text.__sinit_lock_release
                0x0000000008006180        0xc /opt/st/stm32cubeide_1.5.0/plugins/com.st.stm32cube.ide.mcu.externaltools.gnu-tools-for-stm32.9-2020-q2-update.linux64_1.5.0.202011040924/tools/bin/../lib/gcc/arm-none-eabi/9.3.1/../../../../arm-none-eabi/lib/thumb/v7e-m+fp/hard/libc_nano.a(lib_a-findfp.o)
                0x0000000008006180                __sinit_lock_release
 .text.__sinit  0x000000000800618c       0x70 /opt/st/stm32cubeide_1.5.0/plugins/com.st.stm32cube.ide.mcu.externaltools.gnu-tools-for-stm32.9-2020-q2-update.linux64_1.5.0.202011040924/tools/bin/../lib/gcc/arm-none-eabi/9.3.1/../../../../arm-none-eabi/lib/thumb/v7e-m+fp/hard/libc_nano.a(lib_a-findfp.o)
                0x000000000800618c                __sinit
 .text.__sfp    0x00000000080061fc       0x8c /opt/st/stm32cubeide_1.5.0/plugins/com.st.stm32cube.ide.mcu.externaltools.gnu-tools-for-stm32.9-2020-q2-update.linux64_1.5.0.202011040924/tools/bin/../lib/gcc/arm-none-eabi/9.3.1/../../../../arm-none-eabi/lib/thumb/v7e-m+fp/hard/libc_nano.a(lib_a-findfp.o)
                0x00000000080061fc                __sfp
 .text._fwalk_reent
                0x0000000008006288       0x3e /opt/st/stm32cubeide_1.5.0/plugins/com.st.stm32cube.ide.mcu.externaltools.gnu-tools-for-stm32.9-2020-q2-update.linux64_1.5.0.202011040924/tools/bin/../lib/gcc/arm-none-eabi/9.3.1/../../../../arm-none-eabi/lib/thumb/v7e-m+fp/hard/libc_nano.a(lib_a-fwalk.o)
                0x0000000008006288                _fwalk_reent
 .text.__retarget_lock_init_recursive
                0x00000000080062c6        0x2 /opt/st/stm32cubeide_1.5.0/plugins/com.st.stm32cube.ide.mcu.externaltools.gnu-tools-for-stm32.9-2020-q2-update.linux64_1.5.0.202011040924/tools/bin/../lib/gcc/arm-none-eabi/9.3.1/../../../../arm-none-eabi/lib/thumb/v7e-m+fp/hard/libc_nano.a(lib_a-lock.o)
                0x00000000080062c6                __retarget_lock_init_recursive
 .text.__retarget_lock_acquire_recursive
                0x00000000080062c8        0x2 /opt/st/stm32cubeide_1.5.0/plugins/com.st.stm32cube.ide.mcu.externaltools.gnu-tools-for-stm32.9-2020-q2-update.linux64_1.5.0.202011040924/tools/bin/../lib/gcc/arm-none-eabi/9.3.1/../../../../arm-none-eabi/lib/thumb/v7e-m+fp/hard/libc_nano.a(lib_a-lock.o)
                0x00000000080062c8                __retarget_lock_acquire_recursive
 .text.__retarget_lock_release_recursive
                0x00000000080062ca        0x2 /opt/st/stm32cubeide_1.5.0/plugins/com.st.stm32cube.ide.mcu.externaltools.gnu-tools-for-stm32.9-2020-q2-update.linux64_1.5.0.202011040924/tools/bin/../lib/gcc/arm-none-eabi/9.3.1/../../../../arm-none-eabi/lib/thumb/v7e-m+fp/hard/libc_nano.a(lib_a-lock.o)
                0x00000000080062ca                __retarget_lock_release_recursive
 .text.__swhatbuf_r
                0x00000000080062cc       0x48 /opt/st/stm32cubeide_1.5.0/plugins/com.st.stm32cube.ide.mcu.externaltools.gnu-tools-for-stm32.9-2020-q2-update.linux64_1.5.0.202011040924/tools/bin/../lib/gcc/arm-none-eabi/9.3.1/../../../../arm-none-eabi/lib/thumb/v7e-m+fp/hard/libc_nano.a(lib_a-makebuf.o)
                0x00000000080062cc                __swhatbuf_r
 .text.__smakebuf_r
                0x0000000008006314       0x80 /opt/st/stm32cubeide_1.5.0/plugins/com.st.stm32cube.ide.mcu.externaltools.gnu-tools-for-stm32.9-2020-q2-update.linux64_1.5.0.202011040924/tools/bin/../lib/gcc/arm-none-eabi/9.3.1/../../../../arm-none-eabi/lib/thumb/v7e-m+fp/hard/libc_nano.a(lib_a-makebuf.o)
                0x0000000008006314                __smakebuf_r
 .text._free_r  0x0000000008006394       0xa0 /opt/st/stm32cubeide_1.5.0/plugins/com.st.stm32cube.ide.mcu.externaltools.gnu-tools-for-stm32.9-2020-q2-update.linux64_1.5.0.202011040924/tools/bin/../lib/gcc/arm-none-eabi/9.3.1/../../../../arm-none-eabi/lib/thumb/v7e-m+fp/hard/libc_nano.a(lib_a-nano-freer.o)
                0x0000000008006394                _free_r
 .text._malloc_r
                0x0000000008006434       0xb4 /opt/st/stm32cubeide_1.5.0/plugins/com.st.stm32cube.ide.mcu.externaltools.gnu-tools-for-stm32.9-2020-q2-update.linux64_1.5.0.202011040924/tools/bin/../lib/gcc/arm-none-eabi/9.3.1/../../../../arm-none-eabi/lib/thumb/v7e-m+fp/hard/libc_nano.a(lib_a-nano-mallocr.o)
                0x0000000008006434                _malloc_r
 .text.__ssputs_r
                0x00000000080064e8       0xb6 /opt/st/stm32cubeide_1.5.0/plugins/com.st.stm32cube.ide.mcu.externaltools.gnu-tools-for-stm32.9-2020-q2-update.linux64_1.5.0.202011040924/tools/bin/../lib/gcc/arm-none-eabi/9.3.1/../../../../arm-none-eabi/lib/thumb/v7e-m+fp/hard/libc_nano.a(lib_a-nano-svfprintf.o)
                0x00000000080064e8                __ssputs_r
 *fill*         0x000000000800659e        0x2 
 .text._svfprintf_r
                0x00000000080065a0      0x200 /opt/st/stm32cubeide_1.5.0/plugins/com.st.stm32cube.ide.mcu.externaltools.gnu-tools-for-stm32.9-2020-q2-update.linux64_1.5.0.202011040924/tools/bin/../lib/gcc/arm-none-eabi/9.3.1/../../../../arm-none-eabi/lib/thumb/v7e-m+fp/hard/libc_nano.a(lib_a-nano-svfprintf.o)
                0x00000000080065a0                _svfprintf_r
                0x00000000080065a0                _svfiprintf_r
 .text.__sfputc_r
                0x00000000080067a0       0x2e /opt/st/stm32cubeide_1.5.0/plugins/com.st.stm32cube.ide.mcu.externaltools.gnu-tools-for-stm32.9-2020-q2-update.linux64_1.5.0.202011040924/tools/bin/../lib/gcc/arm-none-eabi/9.3.1/../../../../arm-none-eabi/lib/thumb/v7e-m+fp/hard/libc_nano.a(lib_a-nano-vfprintf.o)
 .text.__sfputs_r
                0x00000000080067ce       0x24 /opt/st/stm32cubeide_1.5.0/plugins/com.st.stm32cube.ide.mcu.externaltools.gnu-tools-for-stm32.9-2020-q2-update.linux64_1.5.0.202011040924/tools/bin/../lib/gcc/arm-none-eabi/9.3.1/../../../../arm-none-eabi/lib/thumb/v7e-m+fp/hard/libc_nano.a(lib_a-nano-vfprintf.o)
                0x00000000080067ce                __sfputs_r
 *fill*         0x00000000080067f2        0x2 
 .text._vfprintf_r
                0x00000000080067f4      0x260 /opt/st/stm32cubeide_1.5.0/plugins/com.st.stm32cube.ide.mcu.externaltools.gnu-tools-for-stm32.9-2020-q2-update.linux64_1.5.0.202011040924/tools/bin/../lib/gcc/arm-none-eabi/9.3.1/../../../../arm-none-eabi/lib/thumb/v7e-m+fp/hard/libc_nano.a(lib_a-nano-vfprintf.o)
                0x00000000080067f4                _vfiprintf_r
                0x00000000080067f4                _vfprintf_r
 .text._printf_common
                0x0000000008006a54       0xda /opt/st/stm32cubeide_1.5.0/plugins/com.st.stm32cube.ide.mcu.externaltools.gnu-tools-for-stm32.9-2020-q2-update.linux64_1.5.0.202011040924/tools/bin/../lib/gcc/arm-none-eabi/9.3.1/../../../../arm-none-eabi/lib/thumb/v7e-m+fp/hard/libc_nano.a(lib_a-nano-vfprintf_i.o)
                0x0000000008006a54                _printf_common
 *fill*         0x0000000008006b2e        0x2 
 .text._printf_i
                0x0000000008006b30      0x24c /opt/st/stm32cubeide_1.5.0/plugins/com.st.stm32cube.ide.mcu.externaltools.gnu-tools-for-stm32.9-2020-q2-update.linux64_1.5.0.202011040924/tools/bin/../lib/gcc/arm-none-eabi/9.3.1/../../../../arm-none-eabi/lib/thumb/v7e-m+fp/hard/libc_nano.a(lib_a-nano-vfprintf_i.o)
                0x0000000008006b30                _printf_i
 .text._sbrk_r  0x0000000008006d7c       0x20 /opt/st/stm32cubeide_1.5.0/plugins/com.st.stm32cube.ide.mcu.externaltools.gnu-tools-for-stm32.9-2020-q2-update.linux64_1.5.0.202011040924/tools/bin/../lib/gcc/arm-none-eabi/9.3.1/../../../../arm-none-eabi/lib/thumb/v7e-m+fp/hard/libc_nano.a(lib_a-sbrkr.o)
                0x0000000008006d7c                _sbrk_r
 .text.__sread  0x0000000008006d9c       0x22 /opt/st/stm32cubeide_1.5.0/plugins/com.st.stm32cube.ide.mcu.externaltools.gnu-tools-for-stm32.9-2020-q2-update.linux64_1.5.0.202011040924/tools/bin/../lib/gcc/arm-none-eabi/9.3.1/../../../../arm-none-eabi/lib/thumb/v7e-m+fp/hard/libc_nano.a(lib_a-stdio.o)
                0x0000000008006d9c                __sread
 .text.__swrite
                0x0000000008006dbe       0x38 /opt/st/stm32cubeide_1.5.0/plugins/com.st.stm32cube.ide.mcu.externaltools.gnu-tools-for-stm32.9-2020-q2-update.linux64_1.5.0.202011040924/tools/bin/../lib/gcc/arm-none-eabi/9.3.1/../../../../arm-none-eabi/lib/thumb/v7e-m+fp/hard/libc_nano.a(lib_a-stdio.o)
                0x0000000008006dbe                __swrite
 .text.__sseek  0x0000000008006df6       0x24 /opt/st/stm32cubeide_1.5.0/plugins/com.st.stm32cube.ide.mcu.externaltools.gnu-tools-for-stm32.9-2020-q2-update.linux64_1.5.0.202011040924/tools/bin/../lib/gcc/arm-none-eabi/9.3.1/../../../../arm-none-eabi/lib/thumb/v7e-m+fp/hard/libc_nano.a(lib_a-stdio.o)
                0x0000000008006df6                __sseek
 .text.__sclose
                0x0000000008006e1a        0x8 /opt/st/stm32cubeide_1.5.0/plugins/com.st.stm32cube.ide.mcu.externaltools.gnu-tools-for-stm32.9-2020-q2-update.linux64_1.5.0.202011040924/tools/bin/../lib/gcc/arm-none-eabi/9.3.1/../../../../arm-none-eabi/lib/thumb/v7e-m+fp/hard/libc_nano.a(lib_a-stdio.o)
                0x0000000008006e1a                __sclose
 *fill*         0x0000000008006e22        0x2 
 .text._write_r
                0x0000000008006e24       0x24 /opt/st/stm32cubeide_1.5.0/plugins/com.st.stm32cube.ide.mcu.externaltools.gnu-tools-for-stm32.9-2020-q2-update.linux64_1.5.0.202011040924/tools/bin/../lib/gcc/arm-none-eabi/9.3.1/../../../../arm-none-eabi/lib/thumb/v7e-m+fp/hard/libc_nano.a(lib_a-writer.o)
                0x0000000008006e24                _write_r
 .text._close_r
                0x0000000008006e48       0x20 /opt/st/stm32cubeide_1.5.0/plugins/com.st.stm32cube.ide.mcu.externaltools.gnu-tools-for-stm32.9-2020-q2-update.linux64_1.5.0.202011040924/tools/bin/../lib/gcc/arm-none-eabi/9.3.1/../../../../arm-none-eabi/lib/thumb/v7e-m+fp/hard/libc_nano.a(lib_a-closer.o)
                0x0000000008006e48                _close_r
 .text._fstat_r
                0x0000000008006e68       0x24 /opt/st/stm32cubeide_1.5.0/plugins/com.st.stm32cube.ide.mcu.externaltools.gnu-tools-for-stm32.9-2020-q2-update.linux64_1.5.0.202011040924/tools/bin/../lib/gcc/arm-none-eabi/9.3.1/../../../../arm-none-eabi/lib/thumb/v7e-m+fp/hard/libc_nano.a(lib_a-fstatr.o)
                0x0000000008006e68                _fstat_r
 .text._isatty_r
                0x0000000008006e8c       0x20 /opt/st/stm32cubeide_1.5.0/plugins/com.st.stm32cube.ide.mcu.externaltools.gnu-tools-for-stm32.9-2020-q2-update.linux64_1.5.0.202011040924/tools/bin/../lib/gcc/arm-none-eabi/9.3.1/../../../../arm-none-eabi/lib/thumb/v7e-m+fp/hard/libc_nano.a(lib_a-isattyr.o)
                0x0000000008006e8c                _isatty_r
 .text._lseek_r
                0x0000000008006eac       0x24 /opt/st/stm32cubeide_1.5.0/plugins/com.st.stm32cube.ide.mcu.externaltools.gnu-tools-for-stm32.9-2020-q2-update.linux64_1.5.0.202011040924/tools/bin/../lib/gcc/arm-none-eabi/9.3.1/../../../../arm-none-eabi/lib/thumb/v7e-m+fp/hard/libc_nano.a(lib_a-lseekr.o)
                0x0000000008006eac                _lseek_r
 .text.memcpy   0x0000000008006ed0       0x1c /opt/st/stm32cubeide_1.5.0/plugins/com.st.stm32cube.ide.mcu.externaltools.gnu-tools-for-stm32.9-2020-q2-update.linux64_1.5.0.202011040924/tools/bin/../lib/gcc/arm-none-eabi/9.3.1/../../../../arm-none-eabi/lib/thumb/v7e-m+fp/hard/libc_nano.a(lib_a-memcpy-stub.o)
                0x0000000008006ed0                memcpy
 .text.memmove  0x0000000008006eec       0x34 /opt/st/stm32cubeide_1.5.0/plugins/com.st.stm32cube.ide.mcu.externaltools.gnu-tools-for-stm32.9-2020-q2-update.linux64_1.5.0.202011040924/tools/bin/../lib/gcc/arm-none-eabi/9.3.1/../../../../arm-none-eabi/lib/thumb/v7e-m+fp/hard/libc_nano.a(lib_a-memmove.o)
                0x0000000008006eec                memmove
 .text.__malloc_lock
                0x0000000008006f20        0xc /opt/st/stm32cubeide_1.5.0/plugins/com.st.stm32cube.ide.mcu.externaltools.gnu-tools-for-stm32.9-2020-q2-update.linux64_1.5.0.202011040924/tools/bin/../lib/gcc/arm-none-eabi/9.3.1/../../../../arm-none-eabi/lib/thumb/v7e-m+fp/hard/libc_nano.a(lib_a-mlock.o)
                0x0000000008006f20                __malloc_lock
 .text.__malloc_unlock
                0x0000000008006f2c        0xc /opt/st/stm32cubeide_1.5.0/plugins/com.st.stm32cube.ide.mcu.externaltools.gnu-tools-for-stm32.9-2020-q2-update.linux64_1.5.0.202011040924/tools/bin/../lib/gcc/arm-none-eabi/9.3.1/../../../../arm-none-eabi/lib/thumb/v7e-m+fp/hard/libc_nano.a(lib_a-mlock.o)
                0x0000000008006f2c                __malloc_unlock
 .text._realloc_r
                0x0000000008006f38       0x4c /opt/st/stm32cubeide_1.5.0/plugins/com.st.stm32cube.ide.mcu.externaltools.gnu-tools-for-stm32.9-2020-q2-update.linux64_1.5.0.202011040924/tools/bin/../lib/gcc/arm-none-eabi/9.3.1/../../../../arm-none-eabi/lib/thumb/v7e-m+fp/hard/libc_nano.a(lib_a-nano-reallocr.o)
                0x0000000008006f38                _realloc_r
 .text._read_r  0x0000000008006f84       0x24 /opt/st/stm32cubeide_1.5.0/plugins/com.st.stm32cube.ide.mcu.externaltools.gnu-tools-for-stm32.9-2020-q2-update.linux64_1.5.0.202011040924/tools/bin/../lib/gcc/arm-none-eabi/9.3.1/../../../../arm-none-eabi/lib/thumb/v7e-m+fp/hard/libc_nano.a(lib_a-readr.o)
                0x0000000008006f84                _read_r
 .text._malloc_usable_size_r
                0x0000000008006fa8       0x10 /opt/st/stm32cubeide_1.5.0/plugins/com.st.stm32cube.ide.mcu.externaltools.gnu-tools-for-stm32.9-2020-q2-update.linux64_1.5.0.202011040924/tools/bin/../lib/gcc/arm-none-eabi/9.3.1/../../../../arm-none-eabi/lib/thumb/v7e-m+fp/hard/libc_nano.a(lib_a-nano-msizer.o)
                0x0000000008006fa8                _malloc_usable_size_r
 *(.glue_7)
 .glue_7        0x0000000008006fb8        0x0 linker stubs
 *(.glue_7t)
 .glue_7t       0x0000000008006fb8        0x0 linker stubs
 *(.eh_frame)
 .eh_frame      0x0000000008006fb8        0x0 /opt/st/stm32cubeide_1.5.0/plugins/com.st.stm32cube.ide.mcu.externaltools.gnu-tools-for-stm32.9-2020-q2-update.linux64_1.5.0.202011040924/tools/bin/../lib/gcc/arm-none-eabi/9.3.1/thumb/v7e-m+fp/hard/crtbegin.o
 *(.init)
 .init          0x0000000008006fb8        0x4 /opt/st/stm32cubeide_1.5.0/plugins/com.st.stm32cube.ide.mcu.externaltools.gnu-tools-for-stm32.9-2020-q2-update.linux64_1.5.0.202011040924/tools/bin/../lib/gcc/arm-none-eabi/9.3.1/thumb/v7e-m+fp/hard/crti.o
                0x0000000008006fb8                _init
 .init          0x0000000008006fbc        0x8 /opt/st/stm32cubeide_1.5.0/plugins/com.st.stm32cube.ide.mcu.externaltools.gnu-tools-for-stm32.9-2020-q2-update.linux64_1.5.0.202011040924/tools/bin/../lib/gcc/arm-none-eabi/9.3.1/thumb/v7e-m+fp/hard/crtn.o
 *(.fini)
 .fini          0x0000000008006fc4        0x4 /opt/st/stm32cubeide_1.5.0/plugins/com.st.stm32cube.ide.mcu.externaltools.gnu-tools-for-stm32.9-2020-q2-update.linux64_1.5.0.202011040924/tools/bin/../lib/gcc/arm-none-eabi/9.3.1/thumb/v7e-m+fp/hard/crti.o
                0x0000000008006fc4                _fini
 .fini          0x0000000008006fc8        0x8 /opt/st/stm32cubeide_1.5.0/plugins/com.st.stm32cube.ide.mcu.externaltools.gnu-tools-for-stm32.9-2020-q2-update.linux64_1.5.0.202011040924/tools/bin/../lib/gcc/arm-none-eabi/9.3.1/thumb/v7e-m+fp/hard/crtn.o
                0x0000000008006fd0                . = ALIGN (0x4)
                0x0000000008006fd0                _etext = .

.vfp11_veneer   0x0000000008006fd0        0x0
 .vfp11_veneer  0x0000000008006fd0        0x0 linker stubs

.v4_bx          0x0000000008006fd0        0x0
 .v4_bx         0x0000000008006fd0        0x0 linker stubs

.iplt           0x0000000008006fd0        0x0
 .iplt          0x0000000008006fd0        0x0 /opt/st/stm32cubeide_1.5.0/plugins/com.st.stm32cube.ide.mcu.externaltools.gnu-tools-for-stm32.9-2020-q2-update.linux64_1.5.0.202011040924/tools/bin/../lib/gcc/arm-none-eabi/9.3.1/thumb/v7e-m+fp/hard/crtbegin.o

.rodata         0x0000000008006fd0      0xee0
                0x0000000008006fd0                . = ALIGN (0x4)
 *(.rodata)
 .rodata        0x0000000008006fd0       0x91 Src/main.o
 *(.rodata*)
 *fill*         0x0000000008007061        0x3 
 .rodata.Font11x18
                0x0000000008007064      0xd5c Drivers/ssd1306/fonts.o
                0x0000000008007064                Font11x18
 .rodata.RXAddr
                0x0000000008007dc0        0x5 Src/main.o
                0x0000000008007dc0                RXAddr
 *fill*         0x0000000008007dc5        0x3 
 .rodata.TXAddr
                0x0000000008007dc8        0x5 Src/main.o
                0x0000000008007dc8                TXAddr
 *fill*         0x0000000008007dcd        0x3 
 .rodata.AHBPrescTable
                0x0000000008007dd0       0x10 Src/system_stm32l4xx.o
                0x0000000008007dd0                AHBPrescTable
 .rodata.APBPrescTable
                0x0000000008007de0        0x8 Src/system_stm32l4xx.o
                0x0000000008007de0                APBPrescTable
 .rodata.MSIRangeTable
                0x0000000008007de8       0x30 Src/system_stm32l4xx.o
                0x0000000008007de8                MSIRangeTable
 .rodata._global_impure_ptr
                0x0000000008007e18        0x4 /opt/st/stm32cubeide_1.5.0/plugins/com.st.stm32cube.ide.mcu.externaltools.gnu-tools-for-stm32.9-2020-q2-update.linux64_1.5.0.202011040924/tools/bin/../lib/gcc/arm-none-eabi/9.3.1/../../../../arm-none-eabi/lib/thumb/v7e-m+fp/hard/libc_nano.a(lib_a-impure.o)
                0x0000000008007e18                _global_impure_ptr
 .rodata.__sf_fake_stderr
                0x0000000008007e1c       0x20 /opt/st/stm32cubeide_1.5.0/plugins/com.st.stm32cube.ide.mcu.externaltools.gnu-tools-for-stm32.9-2020-q2-update.linux64_1.5.0.202011040924/tools/bin/../lib/gcc/arm-none-eabi/9.3.1/../../../../arm-none-eabi/lib/thumb/v7e-m+fp/hard/libc_nano.a(lib_a-findfp.o)
                0x0000000008007e1c                __sf_fake_stderr
 .rodata.__sf_fake_stdin
                0x0000000008007e3c       0x20 /opt/st/stm32cubeide_1.5.0/plugins/com.st.stm32cube.ide.mcu.externaltools.gnu-tools-for-stm32.9-2020-q2-update.linux64_1.5.0.202011040924/tools/bin/../lib/gcc/arm-none-eabi/9.3.1/../../../../arm-none-eabi/lib/thumb/v7e-m+fp/hard/libc_nano.a(lib_a-findfp.o)
                0x0000000008007e3c                __sf_fake_stdin
 .rodata.__sf_fake_stdout
                0x0000000008007e5c       0x20 /opt/st/stm32cubeide_1.5.0/plugins/com.st.stm32cube.ide.mcu.externaltools.gnu-tools-for-stm32.9-2020-q2-update.linux64_1.5.0.202011040924/tools/bin/../lib/gcc/arm-none-eabi/9.3.1/../../../../arm-none-eabi/lib/thumb/v7e-m+fp/hard/libc_nano.a(lib_a-findfp.o)
                0x0000000008007e5c                __sf_fake_stdout
 .rodata._svfprintf_r.str1.1
                0x0000000008007e7c       0x11 /opt/st/stm32cubeide_1.5.0/plugins/com.st.stm32cube.ide.mcu.externaltools.gnu-tools-for-stm32.9-2020-q2-update.linux64_1.5.0.202011040924/tools/bin/../lib/gcc/arm-none-eabi/9.3.1/../../../../arm-none-eabi/lib/thumb/v7e-m+fp/hard/libc_nano.a(lib_a-nano-svfprintf.o)
 .rodata._vfprintf_r.str1.1
                0x0000000008007e8d       0x11 /opt/st/stm32cubeide_1.5.0/plugins/com.st.stm32cube.ide.mcu.externaltools.gnu-tools-for-stm32.9-2020-q2-update.linux64_1.5.0.202011040924/tools/bin/../lib/gcc/arm-none-eabi/9.3.1/../../../../arm-none-eabi/lib/thumb/v7e-m+fp/hard/libc_nano.a(lib_a-nano-vfprintf.o)
 .rodata._printf_i.str1.1
                0x0000000008007e8d       0x22 /opt/st/stm32cubeide_1.5.0/plugins/com.st.stm32cube.ide.mcu.externaltools.gnu-tools-for-stm32.9-2020-q2-update.linux64_1.5.0.202011040924/tools/bin/../lib/gcc/arm-none-eabi/9.3.1/../../../../arm-none-eabi/lib/thumb/v7e-m+fp/hard/libc_nano.a(lib_a-nano-vfprintf_i.o)
                0x0000000008007eb0                . = ALIGN (0x4)
 *fill*         0x0000000008007eaf        0x1 

.ARM.extab      0x0000000008007eb0        0x0
                0x0000000008007eb0                . = ALIGN (0x4)
 *(.ARM.extab* .gnu.linkonce.armextab.*)
                0x0000000008007eb0                . = ALIGN (0x4)

.ARM            0x0000000008007eb0        0x8
                0x0000000008007eb0                . = ALIGN (0x4)
                0x0000000008007eb0                __exidx_start = .
 *(.ARM.exidx*)
 .ARM.exidx     0x0000000008007eb0        0x8 /opt/st/stm32cubeide_1.5.0/plugins/com.st.stm32cube.ide.mcu.externaltools.gnu-tools-for-stm32.9-2020-q2-update.linux64_1.5.0.202011040924/tools/bin/../lib/gcc/arm-none-eabi/9.3.1/thumb/v7e-m+fp/hard/libgcc.a(_udivmoddi4.o)
                0x0000000008007eb8                __exidx_end = .
                0x0000000008007eb8                . = ALIGN (0x4)

.rel.dyn        0x0000000008007eb8        0x0
 .rel.iplt      0x0000000008007eb8        0x0 /opt/st/stm32cubeide_1.5.0/plugins/com.st.stm32cube.ide.mcu.externaltools.gnu-tools-for-stm32.9-2020-q2-update.linux64_1.5.0.202011040924/tools/bin/../lib/gcc/arm-none-eabi/9.3.1/thumb/v7e-m+fp/hard/crtbegin.o

.preinit_array  0x0000000008007eb8        0x0
                0x0000000008007eb8                . = ALIGN (0x4)
                0x0000000008007eb8                PROVIDE (__preinit_array_start = .)
 *(.preinit_array*)
                0x0000000008007eb8                PROVIDE (__preinit_array_end = .)
                0x0000000008007eb8                . = ALIGN (0x4)

.init_array     0x0000000008007eb8        0x4
                0x0000000008007eb8                . = ALIGN (0x4)
                0x0000000008007eb8                PROVIDE (__init_array_start = .)
 *(SORT_BY_NAME(.init_array.*))
 *(.init_array*)
 .init_array    0x0000000008007eb8        0x4 /opt/st/stm32cubeide_1.5.0/plugins/com.st.stm32cube.ide.mcu.externaltools.gnu-tools-for-stm32.9-2020-q2-update.linux64_1.5.0.202011040924/tools/bin/../lib/gcc/arm-none-eabi/9.3.1/thumb/v7e-m+fp/hard/crtbegin.o
                0x0000000008007ebc                PROVIDE (__init_array_end = .)
                0x0000000008007ebc                . = ALIGN (0x4)

.fini_array     0x0000000008007ebc        0x4
                0x0000000008007ebc                . = ALIGN (0x4)
                [!provide]                        PROVIDE (__fini_array_start = .)
 *(SORT_BY_NAME(.fini_array.*))
 *(.fini_array*)
 .fini_array    0x0000000008007ebc        0x4 /opt/st/stm32cubeide_1.5.0/plugins/com.st.stm32cube.ide.mcu.externaltools.gnu-tools-for-stm32.9-2020-q2-update.linux64_1.5.0.202011040924/tools/bin/../lib/gcc/arm-none-eabi/9.3.1/thumb/v7e-m+fp/hard/crtbegin.o
                [!provide]                        PROVIDE (__fini_array_end = .)
                0x0000000008007ec0                . = ALIGN (0x4)
                0x0000000008007ec0                _sidata = LOADADDR (.data)

.data           0x0000000020000000       0x78 load address 0x0000000008007ec0
                0x0000000020000000                . = ALIGN (0x4)
                0x0000000020000000                _sdata = .
 *(.data)
 *(.data*)
 .data.uwTickPrio
                0x0000000020000000        0x4 Drivers/STM32L4xx_HAL_Driver/Src/stm32l4xx_hal.o
                0x0000000020000000                uwTickPrio
 .data.uwTickFreq
                0x0000000020000004        0x1 Drivers/STM32L4xx_HAL_Driver/Src/stm32l4xx_hal.o
                0x0000000020000004                uwTickFreq
 *fill*         0x0000000020000005        0x3 
 .data.Font_11x18
                0x0000000020000008        0x8 Drivers/ssd1306/fonts.o
                0x0000000020000008                Font_11x18
 .data.SystemCoreClock
                0x0000000020000010        0x4 Src/system_stm32l4xx.o
                0x0000000020000010                SystemCoreClock
 .data._impure_ptr
                0x0000000020000014        0x4 /opt/st/stm32cubeide_1.5.0/plugins/com.st.stm32cube.ide.mcu.externaltools.gnu-tools-for-stm32.9-2020-q2-update.linux64_1.5.0.202011040924/tools/bin/../lib/gcc/arm-none-eabi/9.3.1/../../../../arm-none-eabi/lib/thumb/v7e-m+fp/hard/libc_nano.a(lib_a-impure.o)
                0x0000000020000014                _impure_ptr
 .data.impure_data
                0x0000000020000018       0x60 /opt/st/stm32cubeide_1.5.0/plugins/com.st.stm32cube.ide.mcu.externaltools.gnu-tools-for-stm32.9-2020-q2-update.linux64_1.5.0.202011040924/tools/bin/../lib/gcc/arm-none-eabi/9.3.1/../../../../arm-none-eabi/lib/thumb/v7e-m+fp/hard/libc_nano.a(lib_a-impure.o)
                0x0000000020000078                . = ALIGN (0x4)
                0x0000000020000078                _edata = .

.igot.plt       0x0000000020000078        0x0 load address 0x0000000008007f38
 .igot.plt      0x0000000020000078        0x0 /opt/st/stm32cubeide_1.5.0/plugins/com.st.stm32cube.ide.mcu.externaltools.gnu-tools-for-stm32.9-2020-q2-update.linux64_1.5.0.202011040924/tools/bin/../lib/gcc/arm-none-eabi/9.3.1/thumb/v7e-m+fp/hard/crtbegin.o
                0x0000000020000078                . = ALIGN (0x4)

.bss            0x0000000020000078      0x60c load address 0x0000000008007f38
                0x0000000020000078                _sbss = .
                0x0000000020000078                __bss_start__ = _sbss
 *(.bss)
 .bss           0x0000000020000078       0x1c /opt/st/stm32cubeide_1.5.0/plugins/com.st.stm32cube.ide.mcu.externaltools.gnu-tools-for-stm32.9-2020-q2-update.linux64_1.5.0.202011040924/tools/bin/../lib/gcc/arm-none-eabi/9.3.1/thumb/v7e-m+fp/hard/crtbegin.o
 *(.bss*)
 .bss.SSD1306_Buffer
                0x0000000020000094      0x400 Drivers/ssd1306/ssd1306.o
 .bss.SSD1306   0x0000000020000494        0x6 Drivers/ssd1306/ssd1306.o
 *fill*         0x000000002000049a        0x2 
 .bss.__sbrk_heap_end
                0x000000002000049c        0x4 Src/sysmem.o
 .bss.__malloc_free_list
                0x00000000200004a0        0x4 /opt/st/stm32cubeide_1.5.0/plugins/com.st.stm32cube.ide.mcu.externaltools.gnu-tools-for-stm32.9-2020-q2-update.linux64_1.5.0.202011040924/tools/bin/../lib/gcc/arm-none-eabi/9.3.1/../../../../arm-none-eabi/lib/thumb/v7e-m+fp/hard/libc_nano.a(lib_a-nano-mallocr.o)
                0x00000000200004a0                __malloc_free_list
 .bss.__malloc_sbrk_start
                0x00000000200004a4        0x4 /opt/st/stm32cubeide_1.5.0/plugins/com.st.stm32cube.ide.mcu.externaltools.gnu-tools-for-stm32.9-2020-q2-update.linux64_1.5.0.202011040924/tools/bin/../lib/gcc/arm-none-eabi/9.3.1/../../../../arm-none-eabi/lib/thumb/v7e-m+fp/hard/libc_nano.a(lib_a-nano-mallocr.o)
                0x00000000200004a4                __malloc_sbrk_start
 *(COMMON)
 COMMON         0x00000000200004a8        0x4 Drivers/STM32L4xx_HAL_Driver/Src/stm32l4xx_hal.o
                0x00000000200004a8                uwTick
 COMMON         0x00000000200004ac       0x4c Src/i2c.o
                0x00000000200004ac                hi2c1
 COMMON         0x00000000200004f8       0x98 Src/main.o
                0x00000000200004f8                uartSent
                0x00000000200004fc                TXBuffer
                0x000000002000051c                RXBuffer
                0x000000002000053c                strrec
                0x000000002000055c                myNRF
 COMMON         0x0000000020000590       0x64 Src/spi.o
                0x0000000020000590                hspi1
 COMMON         0x00000000200005f4       0x80 Src/usart.o
                0x00000000200005f4                huart2
 COMMON         0x0000000020000674        0x9 /opt/st/stm32cubeide_1.5.0/plugins/com.st.stm32cube.ide.mcu.externaltools.gnu-tools-for-stm32.9-2020-q2-update.linux64_1.5.0.202011040924/tools/bin/../lib/gcc/arm-none-eabi/9.3.1/../../../../arm-none-eabi/lib/thumb/v7e-m+fp/hard/libc_nano.a(lib_a-lock.o)
                0x0000000020000674                __lock___atexit_recursive_mutex
                0x0000000020000675                __lock___arc4random_mutex
                0x0000000020000676                __lock___env_recursive_mutex
                0x0000000020000677                __lock___sinit_recursive_mutex
                0x0000000020000678                __lock___malloc_recursive_mutex
                0x0000000020000679                __lock___at_quick_exit_mutex
                0x000000002000067a                __lock___dd_hash_mutex
                0x000000002000067b                __lock___tz_mutex
                0x000000002000067c                __lock___sfp_recursive_mutex
 *fill*         0x000000002000067d        0x3 
 COMMON         0x0000000020000680        0x4 /opt/st/stm32cubeide_1.5.0/plugins/com.st.stm32cube.ide.mcu.externaltools.gnu-tools-for-stm32.9-2020-q2-update.linux64_1.5.0.202011040924/tools/bin/../lib/gcc/arm-none-eabi/9.3.1/../../../../arm-none-eabi/lib/thumb/v7e-m+fp/hard/libc_nano.a(lib_a-reent.o)
                0x0000000020000680                errno
                0x0000000020000684                . = ALIGN (0x4)
                0x0000000020000684                _ebss = .
                0x0000000020000684                __bss_end__ = _ebss

._user_heap_stack
                0x0000000020000684      0xa04 load address 0x0000000008007f38
                0x0000000020000688                . = ALIGN (0x8)
 *fill*         0x0000000020000684        0x4 
                [!provide]                        PROVIDE (end = .)
                0x0000000020000688                PROVIDE (_end = .)
                0x0000000020000a88                . = (. + _Min_Heap_Size)
 *fill*         0x0000000020000688      0x400 
                0x0000000020001088                . = (. + _Min_Stack_Size)
 *fill*         0x0000000020000a88      0x600 
                0x0000000020001088                . = ALIGN (0x8)

/DISCARD/
 libc.a(*)
 libm.a(*)
 libgcc.a(*)

.ARM.attributes
                0x0000000000000000       0x30
 *(.ARM.attributes)
 .ARM.attributes
                0x0000000000000000       0x1e /opt/st/stm32cubeide_1.5.0/plugins/com.st.stm32cube.ide.mcu.externaltools.gnu-tools-for-stm32.9-2020-q2-update.linux64_1.5.0.202011040924/tools/bin/../lib/gcc/arm-none-eabi/9.3.1/thumb/v7e-m+fp/hard/crti.o
 .ARM.attributes
                0x000000000000001e       0x34 /opt/st/stm32cubeide_1.5.0/plugins/com.st.stm32cube.ide.mcu.externaltools.gnu-tools-for-stm32.9-2020-q2-update.linux64_1.5.0.202011040924/tools/bin/../lib/gcc/arm-none-eabi/9.3.1/thumb/v7e-m+fp/hard/crtbegin.o
 .ARM.attributes
                0x0000000000000052       0x34 Drivers/STM32L4xx_HAL_Driver/Src/stm32l4xx_hal.o
 .ARM.attributes
                0x0000000000000086       0x34 Drivers/STM32L4xx_HAL_Driver/Src/stm32l4xx_hal_cortex.o
 .ARM.attributes
                0x00000000000000ba       0x34 Drivers/STM32L4xx_HAL_Driver/Src/stm32l4xx_hal_gpio.o
 .ARM.attributes
                0x00000000000000ee       0x34 Drivers/STM32L4xx_HAL_Driver/Src/stm32l4xx_hal_i2c.o
 .ARM.attributes
                0x0000000000000122       0x34 Drivers/STM32L4xx_HAL_Driver/Src/stm32l4xx_hal_i2c_ex.o
 .ARM.attributes
                0x0000000000000156       0x34 Drivers/STM32L4xx_HAL_Driver/Src/stm32l4xx_hal_pwr_ex.o
 .ARM.attributes
                0x000000000000018a       0x34 Drivers/STM32L4xx_HAL_Driver/Src/stm32l4xx_hal_rcc.o
 .ARM.attributes
                0x00000000000001be       0x34 Drivers/STM32L4xx_HAL_Driver/Src/stm32l4xx_hal_rcc_ex.o
 .ARM.attributes
                0x00000000000001f2       0x34 Drivers/STM32L4xx_HAL_Driver/Src/stm32l4xx_hal_spi.o
 .ARM.attributes
                0x0000000000000226       0x34 Drivers/STM32L4xx_HAL_Driver/Src/stm32l4xx_hal_uart.o
 .ARM.attributes
                0x000000000000025a       0x34 Drivers/nrf24/nRF24L01P.o
 .ARM.attributes
                0x000000000000028e       0x34 Drivers/ssd1306/fonts.o
 .ARM.attributes
                0x00000000000002c2       0x34 Drivers/ssd1306/ssd1306.o
 .ARM.attributes
                0x00000000000002f6       0x34 Src/gpio.o
 .ARM.attributes
                0x000000000000032a       0x34 Src/i2c.o
 .ARM.attributes
                0x000000000000035e       0x34 Src/main.o
 .ARM.attributes
                0x0000000000000392       0x34 Src/spi.o
 .ARM.attributes
                0x00000000000003c6       0x34 Src/stm32l4xx_hal_msp.o
 .ARM.attributes
                0x00000000000003fa       0x34 Src/stm32l4xx_it.o
 .ARM.attributes
                0x000000000000042e       0x34 Src/syscalls.o
 .ARM.attributes
                0x0000000000000462       0x34 Src/sysmem.o
 .ARM.attributes
                0x0000000000000496       0x34 Src/system_stm32l4xx.o
 .ARM.attributes
                0x00000000000004ca       0x34 Src/usart.o
 .ARM.attributes
                0x00000000000004fe       0x21 Startup/startup_stm32l476rgtx.o
 .ARM.attributes
                0x000000000000051f       0x34 /opt/st/stm32cubeide_1.5.0/plugins/com.st.stm32cube.ide.mcu.externaltools.gnu-tools-for-stm32.9-2020-q2-update.linux64_1.5.0.202011040924/tools/bin/../lib/gcc/arm-none-eabi/9.3.1/../../../../arm-none-eabi/lib/thumb/v7e-m+fp/hard/libc_nano.a(lib_a-errno.o)
 .ARM.attributes
                0x0000000000000553       0x32 /opt/st/stm32cubeide_1.5.0/plugins/com.st.stm32cube.ide.mcu.externaltools.gnu-tools-for-stm32.9-2020-q2-update.linux64_1.5.0.202011040924/tools/bin/../lib/gcc/arm-none-eabi/9.3.1/../../../../arm-none-eabi/lib/thumb/v7e-m+fp/hard/libc_nano.a(lib_a-impure.o)
 .ARM.attributes
                0x0000000000000585       0x34 /opt/st/stm32cubeide_1.5.0/plugins/com.st.stm32cube.ide.mcu.externaltools.gnu-tools-for-stm32.9-2020-q2-update.linux64_1.5.0.202011040924/tools/bin/../lib/gcc/arm-none-eabi/9.3.1/../../../../arm-none-eabi/lib/thumb/v7e-m+fp/hard/libc_nano.a(lib_a-init.o)
 .ARM.attributes
                0x00000000000005b9       0x34 /opt/st/stm32cubeide_1.5.0/plugins/com.st.stm32cube.ide.mcu.externaltools.gnu-tools-for-stm32.9-2020-q2-update.linux64_1.5.0.202011040924/tools/bin/../lib/gcc/arm-none-eabi/9.3.1/../../../../arm-none-eabi/lib/thumb/v7e-m+fp/hard/libc_nano.a(lib_a-memset.o)
 .ARM.attributes
                0x00000000000005ed       0x34 /opt/st/stm32cubeide_1.5.0/plugins/com.st.stm32cube.ide.mcu.externaltools.gnu-tools-for-stm32.9-2020-q2-update.linux64_1.5.0.202011040924/tools/bin/../lib/gcc/arm-none-eabi/9.3.1/../../../../arm-none-eabi/lib/thumb/v7e-m+fp/hard/libc_nano.a(lib_a-printf.o)
 .ARM.attributes
                0x0000000000000621       0x34 /opt/st/stm32cubeide_1.5.0/plugins/com.st.stm32cube.ide.mcu.externaltools.gnu-tools-for-stm32.9-2020-q2-update.linux64_1.5.0.202011040924/tools/bin/../lib/gcc/arm-none-eabi/9.3.1/../../../../arm-none-eabi/lib/thumb/v7e-m+fp/hard/libc_nano.a(lib_a-puts.o)
 .ARM.attributes
                0x0000000000000655       0x34 /opt/st/stm32cubeide_1.5.0/plugins/com.st.stm32cube.ide.mcu.externaltools.gnu-tools-for-stm32.9-2020-q2-update.linux64_1.5.0.202011040924/tools/bin/../lib/gcc/arm-none-eabi/9.3.1/../../../../arm-none-eabi/lib/thumb/v7e-m+fp/hard/libc_nano.a(lib_a-sprintf.o)
 .ARM.attributes
                0x0000000000000689       0x34 /opt/st/stm32cubeide_1.5.0/plugins/com.st.stm32cube.ide.mcu.externaltools.gnu-tools-for-stm32.9-2020-q2-update.linux64_1.5.0.202011040924/tools/bin/../lib/gcc/arm-none-eabi/9.3.1/../../../../arm-none-eabi/lib/thumb/v7e-m+fp/hard/libc_nano.a(lib_a-wbuf.o)
 .ARM.attributes
                0x00000000000006bd       0x34 /opt/st/stm32cubeide_1.5.0/plugins/com.st.stm32cube.ide.mcu.externaltools.gnu-tools-for-stm32.9-2020-q2-update.linux64_1.5.0.202011040924/tools/bin/../lib/gcc/arm-none-eabi/9.3.1/../../../../arm-none-eabi/lib/thumb/v7e-m+fp/hard/libc_nano.a(lib_a-wsetup.o)
 .ARM.attributes
                0x00000000000006f1       0x34 /opt/st/stm32cubeide_1.5.0/plugins/com.st.stm32cube.ide.mcu.externaltools.gnu-tools-for-stm32.9-2020-q2-update.linux64_1.5.0.202011040924/tools/bin/../lib/gcc/arm-none-eabi/9.3.1/../../../../arm-none-eabi/lib/thumb/v7e-m+fp/hard/libc_nano.a(lib_a-fflush.o)
 .ARM.attributes
                0x0000000000000725       0x34 /opt/st/stm32cubeide_1.5.0/plugins/com.st.stm32cube.ide.mcu.externaltools.gnu-tools-for-stm32.9-2020-q2-update.linux64_1.5.0.202011040924/tools/bin/../lib/gcc/arm-none-eabi/9.3.1/../../../../arm-none-eabi/lib/thumb/v7e-m+fp/hard/libc_nano.a(lib_a-findfp.o)
 .ARM.attributes
                0x0000000000000759       0x34 /opt/st/stm32cubeide_1.5.0/plugins/com.st.stm32cube.ide.mcu.externaltools.gnu-tools-for-stm32.9-2020-q2-update.linux64_1.5.0.202011040924/tools/bin/../lib/gcc/arm-none-eabi/9.3.1/../../../../arm-none-eabi/lib/thumb/v7e-m+fp/hard/libc_nano.a(lib_a-fwalk.o)
 .ARM.attributes
                0x000000000000078d       0x34 /opt/st/stm32cubeide_1.5.0/plugins/com.st.stm32cube.ide.mcu.externaltools.gnu-tools-for-stm32.9-2020-q2-update.linux64_1.5.0.202011040924/tools/bin/../lib/gcc/arm-none-eabi/9.3.1/../../../../arm-none-eabi/lib/thumb/v7e-m+fp/hard/libc_nano.a(lib_a-lock.o)
 .ARM.attributes
                0x00000000000007c1       0x34 /opt/st/stm32cubeide_1.5.0/plugins/com.st.stm32cube.ide.mcu.externaltools.gnu-tools-for-stm32.9-2020-q2-update.linux64_1.5.0.202011040924/tools/bin/../lib/gcc/arm-none-eabi/9.3.1/../../../../arm-none-eabi/lib/thumb/v7e-m+fp/hard/libc_nano.a(lib_a-makebuf.o)
 .ARM.attributes
                0x00000000000007f5       0x34 /opt/st/stm32cubeide_1.5.0/plugins/com.st.stm32cube.ide.mcu.externaltools.gnu-tools-for-stm32.9-2020-q2-update.linux64_1.5.0.202011040924/tools/bin/../lib/gcc/arm-none-eabi/9.3.1/../../../../arm-none-eabi/lib/thumb/v7e-m+fp/hard/libc_nano.a(lib_a-nano-freer.o)
 .ARM.attributes
                0x0000000000000829       0x34 /opt/st/stm32cubeide_1.5.0/plugins/com.st.stm32cube.ide.mcu.externaltools.gnu-tools-for-stm32.9-2020-q2-update.linux64_1.5.0.202011040924/tools/bin/../lib/gcc/arm-none-eabi/9.3.1/../../../../arm-none-eabi/lib/thumb/v7e-m+fp/hard/libc_nano.a(lib_a-nano-mallocr.o)
 .ARM.attributes
                0x000000000000085d       0x34 /opt/st/stm32cubeide_1.5.0/plugins/com.st.stm32cube.ide.mcu.externaltools.gnu-tools-for-stm32.9-2020-q2-update.linux64_1.5.0.202011040924/tools/bin/../lib/gcc/arm-none-eabi/9.3.1/../../../../arm-none-eabi/lib/thumb/v7e-m+fp/hard/libc_nano.a(lib_a-nano-svfprintf.o)
 .ARM.attributes
                0x0000000000000891       0x34 /opt/st/stm32cubeide_1.5.0/plugins/com.st.stm32cube.ide.mcu.externaltools.gnu-tools-for-stm32.9-2020-q2-update.linux64_1.5.0.202011040924/tools/bin/../lib/gcc/arm-none-eabi/9.3.1/../../../../arm-none-eabi/lib/thumb/v7e-m+fp/hard/libc_nano.a(lib_a-nano-vfprintf.o)
 .ARM.attributes
                0x00000000000008c5       0x34 /opt/st/stm32cubeide_1.5.0/plugins/com.st.stm32cube.ide.mcu.externaltools.gnu-tools-for-stm32.9-2020-q2-update.linux64_1.5.0.202011040924/tools/bin/../lib/gcc/arm-none-eabi/9.3.1/../../../../arm-none-eabi/lib/thumb/v7e-m+fp/hard/libc_nano.a(lib_a-nano-vfprintf_i.o)
 .ARM.attributes
                0x00000000000008f9       0x34 /opt/st/stm32cubeide_1.5.0/plugins/com.st.stm32cube.ide.mcu.externaltools.gnu-tools-for-stm32.9-2020-q2-update.linux64_1.5.0.202011040924/tools/bin/../lib/gcc/arm-none-eabi/9.3.1/../../../../arm-none-eabi/lib/thumb/v7e-m+fp/hard/libc_nano.a(lib_a-sbrkr.o)
 .ARM.attributes
                0x000000000000092d       0x34 /opt/st/stm32cubeide_1.5.0/plugins/com.st.stm32cube.ide.mcu.externaltools.gnu-tools-for-stm32.9-2020-q2-update.linux64_1.5.0.202011040924/tools/bin/../lib/gcc/arm-none-eabi/9.3.1/../../../../arm-none-eabi/lib/thumb/v7e-m+fp/hard/libc_nano.a(lib_a-stdio.o)
 .ARM.attributes
                0x0000000000000961       0x34 /opt/st/stm32cubeide_1.5.0/plugins/com.st.stm32cube.ide.mcu.externaltools.gnu-tools-for-stm32.9-2020-q2-update.linux64_1.5.0.202011040924/tools/bin/../lib/gcc/arm-none-eabi/9.3.1/../../../../arm-none-eabi/lib/thumb/v7e-m+fp/hard/libc_nano.a(lib_a-writer.o)
 .ARM.attributes
                0x0000000000000995       0x34 /opt/st/stm32cubeide_1.5.0/plugins/com.st.stm32cube.ide.mcu.externaltools.gnu-tools-for-stm32.9-2020-q2-update.linux64_1.5.0.202011040924/tools/bin/../lib/gcc/arm-none-eabi/9.3.1/../../../../arm-none-eabi/lib/thumb/v7e-m+fp/hard/libc_nano.a(lib_a-closer.o)
 .ARM.attributes
                0x00000000000009c9       0x34 /opt/st/stm32cubeide_1.5.0/plugins/com.st.stm32cube.ide.mcu.externaltools.gnu-tools-for-stm32.9-2020-q2-update.linux64_1.5.0.202011040924/tools/bin/../lib/gcc/arm-none-eabi/9.3.1/../../../../arm-none-eabi/lib/thumb/v7e-m+fp/hard/libc_nano.a(lib_a-fstatr.o)
 .ARM.attributes
                0x00000000000009fd       0x34 /opt/st/stm32cubeide_1.5.0/plugins/com.st.stm32cube.ide.mcu.externaltools.gnu-tools-for-stm32.9-2020-q2-update.linux64_1.5.0.202011040924/tools/bin/../lib/gcc/arm-none-eabi/9.3.1/../../../../arm-none-eabi/lib/thumb/v7e-m+fp/hard/libc_nano.a(lib_a-isattyr.o)
 .ARM.attributes
                0x0000000000000a31       0x34 /opt/st/stm32cubeide_1.5.0/plugins/com.st.stm32cube.ide.mcu.externaltools.gnu-tools-for-stm32.9-2020-q2-update.linux64_1.5.0.202011040924/tools/bin/../lib/gcc/arm-none-eabi/9.3.1/../../../../arm-none-eabi/lib/thumb/v7e-m+fp/hard/libc_nano.a(lib_a-lseekr.o)
 .ARM.attributes
                0x0000000000000a65       0x1c /opt/st/stm32cubeide_1.5.0/plugins/com.st.stm32cube.ide.mcu.externaltools.gnu-tools-for-stm32.9-2020-q2-update.linux64_1.5.0.202011040924/tools/bin/../lib/gcc/arm-none-eabi/9.3.1/../../../../arm-none-eabi/lib/thumb/v7e-m+fp/hard/libc_nano.a(lib_a-memchr.o)
 .ARM.attributes
                0x0000000000000a81       0x34 /opt/st/stm32cubeide_1.5.0/plugins/com.st.stm32cube.ide.mcu.externaltools.gnu-tools-for-stm32.9-2020-q2-update.linux64_1.5.0.202011040924/tools/bin/../lib/gcc/arm-none-eabi/9.3.1/../../../../arm-none-eabi/lib/thumb/v7e-m+fp/hard/libc_nano.a(lib_a-memcpy-stub.o)
 .ARM.attributes
                0x0000000000000ab5       0x34 /opt/st/stm32cubeide_1.5.0/plugins/com.st.stm32cube.ide.mcu.externaltools.gnu-tools-for-stm32.9-2020-q2-update.linux64_1.5.0.202011040924/tools/bin/../lib/gcc/arm-none-eabi/9.3.1/../../../../arm-none-eabi/lib/thumb/v7e-m+fp/hard/libc_nano.a(lib_a-memmove.o)
 .ARM.attributes
                0x0000000000000ae9       0x34 /opt/st/stm32cubeide_1.5.0/plugins/com.st.stm32cube.ide.mcu.externaltools.gnu-tools-for-stm32.9-2020-q2-update.linux64_1.5.0.202011040924/tools/bin/../lib/gcc/arm-none-eabi/9.3.1/../../../../arm-none-eabi/lib/thumb/v7e-m+fp/hard/libc_nano.a(lib_a-mlock.o)
 .ARM.attributes
                0x0000000000000b1d       0x34 /opt/st/stm32cubeide_1.5.0/plugins/com.st.stm32cube.ide.mcu.externaltools.gnu-tools-for-stm32.9-2020-q2-update.linux64_1.5.0.202011040924/tools/bin/../lib/gcc/arm-none-eabi/9.3.1/../../../../arm-none-eabi/lib/thumb/v7e-m+fp/hard/libc_nano.a(lib_a-nano-reallocr.o)
 .ARM.attributes
                0x0000000000000b51       0x34 /opt/st/stm32cubeide_1.5.0/plugins/com.st.stm32cube.ide.mcu.externaltools.gnu-tools-for-stm32.9-2020-q2-update.linux64_1.5.0.202011040924/tools/bin/../lib/gcc/arm-none-eabi/9.3.1/../../../../arm-none-eabi/lib/thumb/v7e-m+fp/hard/libc_nano.a(lib_a-readr.o)
 .ARM.attributes
                0x0000000000000b85       0x34 /opt/st/stm32cubeide_1.5.0/plugins/com.st.stm32cube.ide.mcu.externaltools.gnu-tools-for-stm32.9-2020-q2-update.linux64_1.5.0.202011040924/tools/bin/../lib/gcc/arm-none-eabi/9.3.1/../../../../arm-none-eabi/lib/thumb/v7e-m+fp/hard/libc_nano.a(lib_a-reent.o)
 .ARM.attributes
                0x0000000000000bb9       0x34 /opt/st/stm32cubeide_1.5.0/plugins/com.st.stm32cube.ide.mcu.externaltools.gnu-tools-for-stm32.9-2020-q2-update.linux64_1.5.0.202011040924/tools/bin/../lib/gcc/arm-none-eabi/9.3.1/../../../../arm-none-eabi/lib/thumb/v7e-m+fp/hard/libc_nano.a(lib_a-nano-msizer.o)
 .ARM.attributes
                0x0000000000000bed       0x1e /opt/st/stm32cubeide_1.5.0/plugins/com.st.stm32cube.ide.mcu.externaltools.gnu-tools-for-stm32.9-2020-q2-update.linux64_1.5.0.202011040924/tools/bin/../lib/gcc/arm-none-eabi/9.3.1/thumb/v7e-m+fp/hard/libgcc.a(_aeabi_uldivmod.o)
 .ARM.attributes
                0x0000000000000c0b       0x34 /opt/st/stm32cubeide_1.5.0/plugins/com.st.stm32cube.ide.mcu.externaltools.gnu-tools-for-stm32.9-2020-q2-update.linux64_1.5.0.202011040924/tools/bin/../lib/gcc/arm-none-eabi/9.3.1/thumb/v7e-m+fp/hard/libgcc.a(_udivmoddi4.o)
 .ARM.attributes
                0x0000000000000c3f       0x1e /opt/st/stm32cubeide_1.5.0/plugins/com.st.stm32cube.ide.mcu.externaltools.gnu-tools-for-stm32.9-2020-q2-update.linux64_1.5.0.202011040924/tools/bin/../lib/gcc/arm-none-eabi/9.3.1/thumb/v7e-m+fp/hard/libgcc.a(_dvmd_tls.o)
 .ARM.attributes
                0x0000000000000c5d       0x1e /opt/st/stm32cubeide_1.5.0/plugins/com.st.stm32cube.ide.mcu.externaltools.gnu-tools-for-stm32.9-2020-q2-update.linux64_1.5.0.202011040924/tools/bin/../lib/gcc/arm-none-eabi/9.3.1/thumb/v7e-m+fp/hard/crtn.o
OUTPUT(NRF_RX_Temp_l476rg_ssd1306.elf elf32-littlearm)
LOAD linker stubs
LOAD /opt/st/stm32cubeide_1.5.0/plugins/com.st.stm32cube.ide.mcu.externaltools.gnu-tools-for-stm32.9-2020-q2-update.linux64_1.5.0.202011040924/tools/bin/../lib/gcc/arm-none-eabi/9.3.1/../../../../arm-none-eabi/lib/thumb/v7e-m+fp/hard/libc.a
LOAD /opt/st/stm32cubeide_1.5.0/plugins/com.st.stm32cube.ide.mcu.externaltools.gnu-tools-for-stm32.9-2020-q2-update.linux64_1.5.0.202011040924/tools/bin/../lib/gcc/arm-none-eabi/9.3.1/../../../../arm-none-eabi/lib/thumb/v7e-m+fp/hard/libm.a
LOAD /opt/st/stm32cubeide_1.5.0/plugins/com.st.stm32cube.ide.mcu.externaltools.gnu-tools-for-stm32.9-2020-q2-update.linux64_1.5.0.202011040924/tools/bin/../lib/gcc/arm-none-eabi/9.3.1/thumb/v7e-m+fp/hard/libgcc.a

.debug_info     0x0000000000000000    0x1711d
 .debug_info    0x0000000000000000      0xcb9 Drivers/STM32L4xx_HAL_Driver/Src/stm32l4xx_hal.o
 .debug_info    0x0000000000000cb9     0x102e Drivers/STM32L4xx_HAL_Driver/Src/stm32l4xx_hal_cortex.o
 .debug_info    0x0000000000001ce7      0xa5f Drivers/STM32L4xx_HAL_Driver/Src/stm32l4xx_hal_gpio.o
 .debug_info    0x0000000000002746     0x22fd Drivers/STM32L4xx_HAL_Driver/Src/stm32l4xx_hal_i2c.o
 .debug_info    0x0000000000004a43      0xc29 Drivers/STM32L4xx_HAL_Driver/Src/stm32l4xx_hal_i2c_ex.o
 .debug_info    0x000000000000566c      0xbda Drivers/STM32L4xx_HAL_Driver/Src/stm32l4xx_hal_pwr_ex.o
 .debug_info    0x0000000000006246      0xe0b Drivers/STM32L4xx_HAL_Driver/Src/stm32l4xx_hal_rcc.o
 .debug_info    0x0000000000007051     0x103f Drivers/STM32L4xx_HAL_Driver/Src/stm32l4xx_hal_rcc_ex.o
 .debug_info    0x0000000000008090     0x18e8 Drivers/STM32L4xx_HAL_Driver/Src/stm32l4xx_hal_spi.o
 .debug_info    0x0000000000009978     0x19a3 Drivers/STM32L4xx_HAL_Driver/Src/stm32l4xx_hal_uart.o
 .debug_info    0x000000000000b31b     0x1d02 Drivers/nrf24/nRF24L01P.o
 .debug_info    0x000000000000d01d      0xd24 Drivers/ssd1306/fonts.o
 .debug_info    0x000000000000dd41     0x1b90 Drivers/ssd1306/ssd1306.o
 .debug_info    0x000000000000f8d1      0x8ed Src/gpio.o
 .debug_info    0x00000000000101be      0xc20 Src/i2c.o
 .debug_info    0x0000000000010dde     0x20f5 Src/main.o
 .debug_info    0x0000000000012ed3      0xbd0 Src/spi.o
 .debug_info    0x0000000000013aa3      0x545 Src/stm32l4xx_hal_msp.o
 .debug_info    0x0000000000013fe8      0x331 Src/stm32l4xx_it.o
 .debug_info    0x0000000000014319      0xfb4 Src/syscalls.o
 .debug_info    0x00000000000152cd      0xa25 Src/sysmem.o
 .debug_info    0x0000000000015cf2      0x794 Src/system_stm32l4xx.o
 .debug_info    0x0000000000016486      0xc75 Src/usart.o
 .debug_info    0x00000000000170fb       0x22 Startup/startup_stm32l476rgtx.o

.debug_abbrev   0x0000000000000000     0x2fa8
 .debug_abbrev  0x0000000000000000      0x227 Drivers/STM32L4xx_HAL_Driver/Src/stm32l4xx_hal.o
 .debug_abbrev  0x0000000000000227      0x33c Drivers/STM32L4xx_HAL_Driver/Src/stm32l4xx_hal_cortex.o
 .debug_abbrev  0x0000000000000563      0x1e8 Drivers/STM32L4xx_HAL_Driver/Src/stm32l4xx_hal_gpio.o
 .debug_abbrev  0x000000000000074b      0x256 Drivers/STM32L4xx_HAL_Driver/Src/stm32l4xx_hal_i2c.o
 .debug_abbrev  0x00000000000009a1      0x1dd Drivers/STM32L4xx_HAL_Driver/Src/stm32l4xx_hal_i2c_ex.o
 .debug_abbrev  0x0000000000000b7e      0x1f3 Drivers/STM32L4xx_HAL_Driver/Src/stm32l4xx_hal_pwr_ex.o
 .debug_abbrev  0x0000000000000d71      0x275 Drivers/STM32L4xx_HAL_Driver/Src/stm32l4xx_hal_rcc.o
 .debug_abbrev  0x0000000000000fe6      0x268 Drivers/STM32L4xx_HAL_Driver/Src/stm32l4xx_hal_rcc_ex.o
 .debug_abbrev  0x000000000000124e      0x254 Drivers/STM32L4xx_HAL_Driver/Src/stm32l4xx_hal_spi.o
 .debug_abbrev  0x00000000000014a2      0x22f Drivers/STM32L4xx_HAL_Driver/Src/stm32l4xx_hal_uart.o
 .debug_abbrev  0x00000000000016d1      0x259 Drivers/nrf24/nRF24L01P.o
 .debug_abbrev  0x000000000000192a      0x208 Drivers/ssd1306/fonts.o
 .debug_abbrev  0x0000000000001b32      0x35a Drivers/ssd1306/ssd1306.o
 .debug_abbrev  0x0000000000001e8c      0x157 Src/gpio.o
 .debug_abbrev  0x0000000000001fe3      0x1c6 Src/i2c.o
 .debug_abbrev  0x00000000000021a9      0x284 Src/main.o
 .debug_abbrev  0x000000000000242d      0x1bb Src/spi.o
 .debug_abbrev  0x00000000000025e8      0x13d Src/stm32l4xx_hal_msp.o
 .debug_abbrev  0x0000000000002725       0xf2 Src/stm32l4xx_it.o
 .debug_abbrev  0x0000000000002817      0x297 Src/syscalls.o
 .debug_abbrev  0x0000000000002aae      0x1bf Src/sysmem.o
 .debug_abbrev  0x0000000000002c6d      0x16e Src/system_stm32l4xx.o
 .debug_abbrev  0x0000000000002ddb      0x1bb Src/usart.o
 .debug_abbrev  0x0000000000002f96       0x12 Startup/startup_stm32l476rgtx.o

.debug_aranges  0x0000000000000000     0x10d0
 .debug_aranges
                0x0000000000000000      0x130 Drivers/STM32L4xx_HAL_Driver/Src/stm32l4xx_hal.o
 .debug_aranges
                0x0000000000000130      0x118 Drivers/STM32L4xx_HAL_Driver/Src/stm32l4xx_hal_cortex.o
 .debug_aranges
                0x0000000000000248       0x58 Drivers/STM32L4xx_HAL_Driver/Src/stm32l4xx_hal_gpio.o
 .debug_aranges
                0x00000000000002a0      0x290 Drivers/STM32L4xx_HAL_Driver/Src/stm32l4xx_hal_i2c.o
 .debug_aranges
                0x0000000000000530       0x48 Drivers/STM32L4xx_HAL_Driver/Src/stm32l4xx_hal_i2c_ex.o
 .debug_aranges
                0x0000000000000578      0x150 Drivers/STM32L4xx_HAL_Driver/Src/stm32l4xx_hal_pwr_ex.o
 .debug_aranges
                0x00000000000006c8       0x88 Drivers/STM32L4xx_HAL_Driver/Src/stm32l4xx_hal_rcc.o
 .debug_aranges
                0x0000000000000750       0xc0 Drivers/STM32L4xx_HAL_Driver/Src/stm32l4xx_hal_rcc_ex.o
 .debug_aranges
                0x0000000000000810      0x1d8 Drivers/STM32L4xx_HAL_Driver/Src/stm32l4xx_hal_spi.o
 .debug_aranges
                0x00000000000009e8      0x210 Drivers/STM32L4xx_HAL_Driver/Src/stm32l4xx_hal_uart.o
 .debug_aranges
                0x0000000000000bf8      0x160 Drivers/nrf24/nRF24L01P.o
 .debug_aranges
                0x0000000000000d58       0x20 Drivers/ssd1306/fonts.o
 .debug_aranges
                0x0000000000000d78       0xf8 Drivers/ssd1306/ssd1306.o
 .debug_aranges
                0x0000000000000e70       0x20 Src/gpio.o
 .debug_aranges
                0x0000000000000e90       0x30 Src/i2c.o
 .debug_aranges
                0x0000000000000ec0       0x40 Src/main.o
 .debug_aranges
                0x0000000000000f00       0x30 Src/spi.o
 .debug_aranges
                0x0000000000000f30       0x20 Src/stm32l4xx_hal_msp.o
 .debug_aranges
                0x0000000000000f50       0x38 Src/stm32l4xx_it.o
 .debug_aranges
                0x0000000000000f88       0xa8 Src/syscalls.o
 .debug_aranges
                0x0000000000001030       0x20 Src/sysmem.o
 .debug_aranges
                0x0000000000001050       0x28 Src/system_stm32l4xx.o
 .debug_aranges
                0x0000000000001078       0x30 Src/usart.o
 .debug_aranges
                0x00000000000010a8       0x28 Startup/startup_stm32l476rgtx.o

.debug_ranges   0x0000000000000000      0xf58
 .debug_ranges  0x0000000000000000      0x120 Drivers/STM32L4xx_HAL_Driver/Src/stm32l4xx_hal.o
 .debug_ranges  0x0000000000000120      0x108 Drivers/STM32L4xx_HAL_Driver/Src/stm32l4xx_hal_cortex.o
 .debug_ranges  0x0000000000000228       0x48 Drivers/STM32L4xx_HAL_Driver/Src/stm32l4xx_hal_gpio.o
 .debug_ranges  0x0000000000000270      0x280 Drivers/STM32L4xx_HAL_Driver/Src/stm32l4xx_hal_i2c.o
 .debug_ranges  0x00000000000004f0       0x38 Drivers/STM32L4xx_HAL_Driver/Src/stm32l4xx_hal_i2c_ex.o
 .debug_ranges  0x0000000000000528      0x140 Drivers/STM32L4xx_HAL_Driver/Src/stm32l4xx_hal_pwr_ex.o
 .debug_ranges  0x0000000000000668       0x78 Drivers/STM32L4xx_HAL_Driver/Src/stm32l4xx_hal_rcc.o
 .debug_ranges  0x00000000000006e0       0xb0 Drivers/STM32L4xx_HAL_Driver/Src/stm32l4xx_hal_rcc_ex.o
 .debug_ranges  0x0000000000000790      0x1c8 Drivers/STM32L4xx_HAL_Driver/Src/stm32l4xx_hal_spi.o
 .debug_ranges  0x0000000000000958      0x200 Drivers/STM32L4xx_HAL_Driver/Src/stm32l4xx_hal_uart.o
 .debug_ranges  0x0000000000000b58      0x150 Drivers/nrf24/nRF24L01P.o
 .debug_ranges  0x0000000000000ca8       0x10 Drivers/ssd1306/fonts.o
 .debug_ranges  0x0000000000000cb8       0xe8 Drivers/ssd1306/ssd1306.o
 .debug_ranges  0x0000000000000da0       0x10 Src/gpio.o
 .debug_ranges  0x0000000000000db0       0x20 Src/i2c.o
 .debug_ranges  0x0000000000000dd0       0x30 Src/main.o
 .debug_ranges  0x0000000000000e00       0x20 Src/spi.o
 .debug_ranges  0x0000000000000e20       0x10 Src/stm32l4xx_hal_msp.o
 .debug_ranges  0x0000000000000e30       0x28 Src/stm32l4xx_it.o
 .debug_ranges  0x0000000000000e58       0x98 Src/syscalls.o
 .debug_ranges  0x0000000000000ef0       0x10 Src/sysmem.o
 .debug_ranges  0x0000000000000f00       0x18 Src/system_stm32l4xx.o
 .debug_ranges  0x0000000000000f18       0x20 Src/usart.o
 .debug_ranges  0x0000000000000f38       0x20 Startup/startup_stm32l476rgtx.o

.debug_macro    0x0000000000000000    0x2889f
 .debug_macro   0x0000000000000000      0x228 Drivers/STM32L4xx_HAL_Driver/Src/stm32l4xx_hal.o